Initializing NUTS using jitter+adapt_diag...
Multiprocess sampling (32 chains in 32 jobs)
NUTS: [beta, alpha]
                                                                                
                             Step      Grad                                     
  Progre…   Draw   Diverg…   size      evals      Speed     Elapsed   Remaini…  
 ────────────────────────────────────────────────────────────────────────────── 
  ━━━━━━━   2000   1000      0.000     1          45.98     0:00:43   0:00:00   
                                                  draws/s                       
  ━━━━━━━   2000   0         0.060     63         1.24      0:41:17   0:00:00   
                                                  s/draw                        
  ━━━━━━━   2000   0         0.051     127        1.45      0:48:16   0:00:00   
                                                  s/draw                        
  ━━━━━━━   2000   0         0.049     63         1.19      0:39:36   0:00:00   
                                                  s/draw                        
  ━━━━━━━   2000   0         0.054     63         1.32      0:43:52   0:00:00   
                                                  s/draw                        
  ━━━━━━━   2000   0         0.050     127        1.27      0:42:15   0:00:00   
                                                  s/draw                        
  ━━━━━━━   2000   0         0.069     63         1.15      0:38:11   0:00:00   
                                                  s/draw                        
  ━━━━━━━   2000   0         0.043     63         1.31      0:43:34   0:00:00   
                                                  s/draw                        
  ━━━━━━━   2000   0         0.061     127        1.19      0:39:33   0:00:00   
                                                  s/draw                        
  ━━━━━━━   2000   0         0.045     127        1.40      0:46:39   0:00:00   
                                                  s/draw                        
  ━━━━━━━   2000   0         0.062     127        1.43      0:47:32   0:00:00   
                                                  s/draw                        
  ━━━━━━━   2000   0         0.062     63         1.25      0:41:47   0:00:00   
                                                  s/draw                        
  ━━━━━━━   2000   0         0.065     127        1.40      0:46:31   0:00:00   
                                                  s/draw                        
  ━━━━━━━   2000   0         0.046     127        1.27      0:42:25   0:00:00   
                                                  s/draw                        
  ━━━━━━━   2000   0         0.065     127        1.21      0:40:13   0:00:00   
                                                  s/draw                        
  ━━━━━━━   2000   0         0.057     63         1.08      0:35:54   0:00:00   
                                                  s/draw                        
  ━━━━━━━   2000   0         0.042     63         1.41      0:46:54   0:00:00   
                                                  s/draw                        
  ━━━━━━━   2000   0         0.051     63         1.26      0:41:57   0:00:00   
                                                  s/draw                        
  ━━━━━━━   2000   0         0.050     63         1.44      0:47:51   0:00:00   
                                                  s/draw                        
  ━━━━━━━   2000   0         0.056     63         1.39      0:46:10   0:00:00   
                                                  s/draw                        
  ━━━━━━━   2000   0         0.060     63         1.15      0:38:12   0:00:00   
                                                  s/draw                        
  ━━━━━━━   2000   0         0.068     63         1.24      0:41:14   0:00:00   
                                                  s/draw                        
  ━━━━━━━   2000   0         0.048     127        1.43      0:47:48   0:00:00   
                                                  s/draw                        
  ━━━━━━━   2000   0         0.059     63         1.30      0:43:29   0:00:00   
                                                  s/draw                        
  ━━━━━━━   2000   0         0.061     127        1.22      0:40:32   0:00:00   
                                                  s/draw                        
  ━━━━━━━   2000   0         0.057     127        1.12      0:37:23   0:00:00   
                                                  s/draw                        
  ━━━━━━━   2000   0         0.048     127        1.39      0:46:14   0:00:00   
                                                  s/draw                        
  ━━━━━━━   2000   0         0.051     127        1.28      0:42:48   0:00:00   
                                                  s/draw                        
  ━━━━━━━   2000   0         0.045     63         1.23      0:41:04   0:00:00   
                                                  s/draw                        
  ━━━━━━━   2000   0         0.053     127        1.30      0:43:15   0:00:00   
                                                  s/draw                        
  ━━━━━━━   2000   1000      0.000     1          43.15     0:00:46   0:00:00   
                                                  draws/s                       
  ━━━━━━━   2000   0         0.050     127        1.23      0:41:02   0:00:00   
                                                  s/draw                        
                                                                                
Sampling 32 chains for 1_000 tune and 1_000 draw iterations (32_000 + 32_000 draws total) took 2897 seconds.
There were 2000 divergences after tuning. Increase `target_accept` or reparameterize.
The rhat statistic is larger than 1.01 for some parameters. This indicates problems during sampling. See https://arxiv.org/abs/1903.08008 for details
The effective sample size per chain is smaller than 100 for some parameters.  A higher number is needed for reliable rhat and ess computation. See https://arxiv.org/abs/1903.08008 for details
