Initializing NUTS using jitter+adapt_diag...
Multiprocess sampling (32 chains in 32 jobs)
NUTS: [beta, alpha]
                                                                                
                             Step      Grad                                     
  Progre…   Draw   Diverg…   size      evals      Speed     Elapsed   Remaini…  
 ────────────────────────────────────────────────────────────────────────────── 
  ━━━━━━━   2000   0         0.048     127        1.43      0:47:34   0:00:00   
                                                  s/draw                        
  ━━━━━━━   2000   0         0.055     127        1.40      0:46:43   0:00:00   
                                                  s/draw                        
  ━━━━━━━   2000   0         0.054     63         1.21      0:40:26   0:00:00   
                                                  s/draw                        
  ━━━━━━━   2000   0         0.060     127        1.35      0:45:05   0:00:00   
                                                  s/draw                        
  ━━━━━━━   2000   0         0.062     63         1.21      0:40:25   0:00:00   
                                                  s/draw                        
  ━━━━━━━   2000   0         0.051     63         1.12      0:37:21   0:00:00   
                                                  s/draw                        
  ━━━━━━━   2000   0         0.069     63         1.39      0:46:26   0:00:00   
                                                  s/draw                        
  ━━━━━━━   2000   0         0.072     127        1.16      0:38:33   0:00:00   
                                                  s/draw                        
  ━━━━━━━   2000   0         0.067     127        1.20      0:40:05   0:00:00   
                                                  s/draw                        
  ━━━━━━━   2000   0         0.045     63         1.16      0:38:44   0:00:00   
                                                  s/draw                        
  ━━━━━━━   2000   0         0.061     127        1.35      0:44:51   0:00:00   
                                                  s/draw                        
  ━━━━━━━   2000   0         0.050     127        1.44      0:47:55   0:00:00   
                                                  s/draw                        
  ━━━━━━━   2000   0         0.048     127        1.31      0:43:45   0:00:00   
                                                  s/draw                        
  ━━━━━━━   2000   0         0.058     63         1.17      0:38:54   0:00:00   
                                                  s/draw                        
  ━━━━━━━   2000   0         0.057     63         1.12      0:37:24   0:00:00   
                                                  s/draw                        
  ━━━━━━━   2000   0         0.054     127        1.12      0:37:21   0:00:00   
                                                  s/draw                        
  ━━━━━━━   2000   0         0.046     127        1.21      0:40:28   0:00:00   
                                                  s/draw                        
  ━━━━━━━   2000   0         0.048     63         1.25      0:41:43   0:00:00   
                                                  s/draw                        
  ━━━━━━━   2000   0         0.048     127        1.37      0:45:30   0:00:00   
                                                  s/draw                        
  ━━━━━━━   2000   0         0.052     127        1.44      0:47:58   0:00:00   
                                                  s/draw                        
  ━━━━━━━   2000   0         0.051     63         1.21      0:40:23   0:00:00   
                                                  s/draw                        
  ━━━━━━━   2000   0         0.061     63         1.17      0:39:01   0:00:00   
                                                  s/draw                        
  ━━━━━━━   2000   0         0.052     63         1.34      0:44:45   0:00:00   
                                                  s/draw                        
  ━━━━━━━   2000   0         0.047     127        1.31      0:43:47   0:00:00   
                                                  s/draw                        
  ━━━━━━━   2000   0         0.052     127        1.36      0:45:13   0:00:00   
                                                  s/draw                        
  ━━━━━━━   2000   0         0.045     127        1.20      0:39:53   0:00:00   
                                                  s/draw                        
  ━━━━━━━   2000   0         0.043     63         1.29      0:43:00   0:00:00   
                                                  s/draw                        
  ━━━━━━━   2000   0         0.064     63         1.27      0:42:12   0:00:00   
                                                  s/draw                        
  ━━━━━━━   2000   0         0.068     127        1.38      0:45:53   0:00:00   
                                                  s/draw                        
  ━━━━━━━   2000   1000      0.000     1          49.74     0:00:40   0:00:00   
                                                  draws/s                       
  ━━━━━━━   2000   0         0.050     63         1.17      0:39:03   0:00:00   
                                                  s/draw                        
  ━━━━━━━   2000   0         0.056     63         1.24      0:41:14   0:00:00   
                                                  s/draw                        
                                                                                
Sampling 32 chains for 1_000 tune and 1_000 draw iterations (32_000 + 32_000 draws total) took 2879 seconds.
There were 1000 divergences after tuning. Increase `target_accept` or reparameterize.
The rhat statistic is larger than 1.01 for some parameters. This indicates problems during sampling. See https://arxiv.org/abs/1903.08008 for details
The effective sample size per chain is smaller than 100 for some parameters.  A higher number is needed for reliable rhat and ess computation. See https://arxiv.org/abs/1903.08008 for details
