Initializing NUTS using jitter+adapt_diag...
Multiprocess sampling (32 chains in 32 jobs)
NUTS: [beta, alpha]
                                                                                
                             Step      Grad                                     
  Progre…   Draw   Diverg…   size      evals      Speed     Elapsed   Remaini…  
 ────────────────────────────────────────────────────────────────────────────── 
  ━━━━━━━   2000   0         0.058     63         1.25      0:41:44   0:00:00   
                                                  s/draw                        
  ━━━━━━━   2000   0         0.045     127        1.36      0:45:25   0:00:00   
                                                  s/draw                        
  ━━━━━━━   2000   0         0.065     63         1.13      0:37:44   0:00:00   
                                                  s/draw                        
  ━━━━━━━   2000   0         0.078     127        1.26      0:41:59   0:00:00   
                                                  s/draw                        
  ━━━━━━━   2000   0         0.052     63         1.39      0:46:17   0:00:00   
                                                  s/draw                        
  ━━━━━━━   2000   0         0.066     127        1.22      0:40:40   0:00:00   
                                                  s/draw                        
  ━━━━━━━   2000   0         0.051     127        1.21      0:40:13   0:00:00   
                                                  s/draw                        
  ━━━━━━━   2000   0         0.073     127        1.43      0:47:36   0:00:00   
                                                  s/draw                        
  ━━━━━━━   2000   0         0.053     127        1.44      0:48:06   0:00:00   
                                                  s/draw                        
  ━━━━━━━   2000   0         0.054     63         1.40      0:46:30   0:00:00   
                                                  s/draw                        
  ━━━━━━━   2000   0         0.049     63         1.39      0:46:14   0:00:00   
                                                  s/draw                        
  ━━━━━━━   2000   0         0.049     63         1.27      0:42:20   0:00:00   
                                                  s/draw                        
  ━━━━━━━   2000   0         0.048     63         1.36      0:45:09   0:00:00   
                                                  s/draw                        
  ━━━━━━━   2000   0         0.051     127        1.49      0:49:37   0:00:00   
                                                  s/draw                        
  ━━━━━━━   2000   0         0.049     127        1.41      0:47:04   0:00:00   
                                                  s/draw                        
  ━━━━━━━   2000   0         0.041     127        1.24      0:41:10   0:00:00   
                                                  s/draw                        
  ━━━━━━━   2000   0         0.073     63         1.25      0:41:47   0:00:00   
                                                  s/draw                        
  ━━━━━━━   2000   0         0.055     127        1.54      0:51:14   0:00:00   
                                                  s/draw                        
  ━━━━━━━   2000   0         0.062     63         1.24      0:41:10   0:00:00   
                                                  s/draw                        
  ━━━━━━━   2000   0         0.066     127        1.14      0:38:08   0:00:00   
                                                  s/draw                        
  ━━━━━━━   2000   0         0.038     63         1.49      0:49:33   0:00:00   
                                                  s/draw                        
  ━━━━━━━   2000   0         0.057     63         1.38      0:45:52   0:00:00   
                                                  s/draw                        
  ━━━━━━━   2000   0         0.050     127        1.30      0:43:20   0:00:00   
                                                  s/draw                        
  ━━━━━━━   2000   0         0.050     127        1.18      0:39:27   0:00:00   
                                                  s/draw                        
  ━━━━━━━   2000   0         0.056     127        1.32      0:44:10   0:00:00   
                                                  s/draw                        
  ━━━━━━━   2000   0         0.057     127        1.36      0:45:12   0:00:00   
                                                  s/draw                        
  ━━━━━━━   2000   0         0.040     127        1.29      0:43:06   0:00:00   
                                                  s/draw                        
  ━━━━━━━   2000   0         0.055     127        1.26      0:42:04   0:00:00   
                                                  s/draw                        
  ━━━━━━━   2000   0         0.063     63         1.33      0:44:27   0:00:00   
                                                  s/draw                        
  ━━━━━━━   2000   0         0.042     63         1.59      0:53:08   0:00:00   
                                                  s/draw                        
  ━━━━━━━   2000   0         0.045     127        1.44      0:47:58   0:00:00   
                                                  s/draw                        
  ━━━━━━━   2000   0         0.048     63         1.36      0:45:23   0:00:00   
                                                  s/draw                        
                                                                                
Sampling 32 chains for 1_000 tune and 1_000 draw iterations (32_000 + 32_000 draws total) took 3189 seconds.
