Initializing NUTS using jitter+adapt_diag...
Multiprocess sampling (32 chains in 32 jobs)
NUTS: [beta, alpha]
                                                                                
                             Step      Grad                                     
  Progre…   Draw   Diverg…   size      evals      Speed     Elapsed   Remaini…  
 ────────────────────────────────────────────────────────────────────────────── 
  ━━━━━━━   2000   0         0.063     63         1.16      0:38:49   0:00:00   
                                                  s/draw                        
  ━━━━━━━   2000   0         0.056     127        1.22      0:40:34   0:00:00   
                                                  s/draw                        
  ━━━━━━━   2000   0         0.048     63         1.27      0:42:24   0:00:00   
                                                  s/draw                        
  ━━━━━━━   2000   0         0.066     63         1.27      0:42:20   0:00:00   
                                                  s/draw                        
  ━━━━━━━   2000   0         0.056     63         1.23      0:40:50   0:00:00   
                                                  s/draw                        
  ━━━━━━━   2000   0         0.041     127        1.34      0:44:40   0:00:00   
                                                  s/draw                        
  ━━━━━━━   2000   0         0.051     127        1.33      0:44:29   0:00:00   
                                                  s/draw                        
  ━━━━━━━   2000   0         0.061     63         1.12      0:37:13   0:00:00   
                                                  s/draw                        
  ━━━━━━━   2000   0         0.059     127        1.37      0:45:48   0:00:00   
                                                  s/draw                        
  ━━━━━━━   2000   0         0.051     127        1.44      0:48:10   0:00:00   
                                                  s/draw                        
  ━━━━━━━   2000   0         0.056     127        1.42      0:47:26   0:00:00   
                                                  s/draw                        
  ━━━━━━━   2000   0         0.068     127        1.38      0:45:50   0:00:00   
                                                  s/draw                        
  ━━━━━━━   2000   0         0.050     127        1.24      0:41:28   0:00:00   
                                                  s/draw                        
  ━━━━━━━   2000   0         0.062     63         1.23      0:40:56   0:00:00   
                                                  s/draw                        
  ━━━━━━━   2000   0         0.052     127        1.34      0:44:33   0:00:00   
                                                  s/draw                        
  ━━━━━━━   2000   0         0.043     63         1.49      0:49:47   0:00:00   
                                                  s/draw                        
  ━━━━━━━   2000   1000      0.000     1          44.53     0:00:44   0:00:00   
                                                  draws/s                       
  ━━━━━━━   2000   0         0.047     127        1.29      0:42:52   0:00:00   
                                                  s/draw                        
  ━━━━━━━   2000   0         0.056     127        1.41      0:46:59   0:00:00   
                                                  s/draw                        
  ━━━━━━━   2000   0         0.069     63         1.24      0:41:11   0:00:00   
                                                  s/draw                        
  ━━━━━━━   2000   0         0.046     63         1.40      0:46:49   0:00:00   
                                                  s/draw                        
  ━━━━━━━   2000   0         0.045     63         1.36      0:45:10   0:00:00   
                                                  s/draw                        
  ━━━━━━━   2000   0         0.043     63         1.38      0:46:05   0:00:00   
                                                  s/draw                        
  ━━━━━━━   2000   0         0.069     63         1.22      0:40:33   0:00:00   
                                                  s/draw                        
  ━━━━━━━   2000   0         0.055     127        1.32      0:43:54   0:00:00   
                                                  s/draw                        
  ━━━━━━━   2000   0         0.041     63         1.29      0:42:49   0:00:00   
                                                  s/draw                        
  ━━━━━━━   2000   0         0.050     63         1.29      0:43:04   0:00:00   
                                                  s/draw                        
  ━━━━━━━   2000   0         0.061     63         1.29      0:43:00   0:00:00   
                                                  s/draw                        
  ━━━━━━━   2000   0         0.056     63         1.38      0:45:56   0:00:00   
                                                  s/draw                        
  ━━━━━━━   2000   0         0.063     63         1.29      0:43:05   0:00:00   
                                                  s/draw                        
  ━━━━━━━   2000   0         0.067     127        1.35      0:44:58   0:00:00   
                                                  s/draw                        
  ━━━━━━━   2000   0         0.056     63         1.17      0:38:53   0:00:00   
                                                  s/draw                        
                                                                                
Sampling 32 chains for 1_000 tune and 1_000 draw iterations (32_000 + 32_000 draws total) took 2988 seconds.
There were 1000 divergences after tuning. Increase `target_accept` or reparameterize.
The rhat statistic is larger than 1.01 for some parameters. This indicates problems during sampling. See https://arxiv.org/abs/1903.08008 for details
The effective sample size per chain is smaller than 100 for some parameters.  A higher number is needed for reliable rhat and ess computation. See https://arxiv.org/abs/1903.08008 for details
