Initializing NUTS using jitter+adapt_diag...
Multiprocess sampling (32 chains in 32 jobs)
NUTS: [beta, alpha]
                                                                                
                             Step      Grad                                     
  Progre…   Draw   Diverg…   size      evals      Speed     Elapsed   Remaini…  
 ────────────────────────────────────────────────────────────────────────────── 
  ━━━━━━━   2000   0         0.076     127        1.28      0:42:44   0:00:00   
                                                  s/draw                        
  ━━━━━━━   2000   0         0.051     127        1.28      0:42:39   0:00:00   
                                                  s/draw                        
  ━━━━━━━   2000   0         0.053     127        1.40      0:46:42   0:00:00   
                                                  s/draw                        
  ━━━━━━━   2000   0         0.054     63         1.28      0:42:37   0:00:00   
                                                  s/draw                        
  ━━━━━━━   2000   0         0.044     127        1.36      0:45:12   0:00:00   
                                                  s/draw                        
  ━━━━━━━   2000   0         0.050     63         1.25      0:41:31   0:00:00   
                                                  s/draw                        
  ━━━━━━━   2000   0         0.048     127        1.37      0:45:32   0:00:00   
                                                  s/draw                        
  ━━━━━━━   2000   0         0.062     63         1.19      0:39:48   0:00:00   
                                                  s/draw                        
  ━━━━━━━   2000   0         0.057     127        1.43      0:47:36   0:00:00   
                                                  s/draw                        
  ━━━━━━━   2000   0         0.054     127        1.38      0:45:55   0:00:00   
                                                  s/draw                        
  ━━━━━━━   2000   0         0.061     63         1.32      0:44:03   0:00:00   
                                                  s/draw                        
  ━━━━━━━   2000   0         0.065     63         1.19      0:39:39   0:00:00   
                                                  s/draw                        
  ━━━━━━━   2000   0         0.061     127        1.43      0:47:43   0:00:00   
                                                  s/draw                        
  ━━━━━━━   2000   0         0.063     127        1.33      0:44:16   0:00:00   
                                                  s/draw                        
  ━━━━━━━   2000   0         0.050     63         1.29      0:42:52   0:00:00   
                                                  s/draw                        
  ━━━━━━━   2000   0         0.057     191        1.36      0:45:28   0:00:00   
                                                  s/draw                        
  ━━━━━━━   2000   0         0.051     191        1.32      0:43:53   0:00:00   
                                                  s/draw                        
  ━━━━━━━   2000   0         0.064     63         1.26      0:42:01   0:00:00   
                                                  s/draw                        
  ━━━━━━━   2000   0         0.046     63         1.24      0:41:17   0:00:00   
                                                  s/draw                        
  ━━━━━━━   2000   0         0.063     127        1.32      0:44:09   0:00:00   
                                                  s/draw                        
  ━━━━━━━   2000   0         0.038     127        1.46      0:48:38   0:00:00   
                                                  s/draw                        
  ━━━━━━━   2000   0         0.056     63         1.28      0:42:34   0:00:00   
                                                  s/draw                        
  ━━━━━━━   2000   0         0.057     127        1.26      0:42:09   0:00:00   
                                                  s/draw                        
  ━━━━━━━   2000   0         0.051     63         1.41      0:46:58   0:00:00   
                                                  s/draw                        
  ━━━━━━━   2000   0         0.058     63         1.38      0:46:03   0:00:00   
                                                  s/draw                        
  ━━━━━━━   2000   0         0.042     63         1.45      0:48:27   0:00:00   
                                                  s/draw                        
  ━━━━━━━   2000   0         0.066     127        1.22      0:40:45   0:00:00   
                                                  s/draw                        
  ━━━━━━━   2000   0         0.059     63         1.23      0:41:02   0:00:00   
                                                  s/draw                        
  ━━━━━━━   2000   0         0.055     127        1.25      0:41:40   0:00:00   
                                                  s/draw                        
  ━━━━━━━   2000   0         0.059     63         1.22      0:40:46   0:00:00   
                                                  s/draw                        
  ━━━━━━━   2000   0         0.062     63         1.22      0:40:47   0:00:00   
                                                  s/draw                        
  ━━━━━━━   2000   0         0.038     127        1.43      0:47:43   0:00:00   
                                                  s/draw                        
                                                                                
Sampling 32 chains for 1_000 tune and 1_000 draw iterations (32_000 + 32_000 draws total) took 2919 seconds.
