Initializing NUTS using jitter+adapt_diag...
Multiprocess sampling (32 chains in 32 jobs)
NUTS: [beta, alpha]
                                                                                
                             Step      Grad                                     
  Progre…   Draw   Diverg…   size      evals      Speed     Elapsed   Remaini…  
 ────────────────────────────────────────────────────────────────────────────── 
  ━━━━━━━   2000   0         0.080     63         1.22      0:40:33   0:00:00   
                                                  s/draw                        
  ━━━━━━━   2000   0         0.048     127        1.37      0:45:41   0:00:00   
                                                  s/draw                        
  ━━━━━━━   2000   0         0.052     63         1.23      0:40:55   0:00:00   
                                                  s/draw                        
  ━━━━━━━   2000   0         0.053     127        1.34      0:44:43   0:00:00   
                                                  s/draw                        
  ━━━━━━━   2000   0         0.054     63         1.36      0:45:12   0:00:00   
                                                  s/draw                        
  ━━━━━━━   2000   0         0.044     63         1.31      0:43:40   0:00:00   
                                                  s/draw                        
  ━━━━━━━   2000   0         0.040     63         1.24      0:41:10   0:00:00   
                                                  s/draw                        
  ━━━━━━━   2000   0         0.052     127        1.44      0:48:05   0:00:00   
                                                  s/draw                        
  ━━━━━━━   2000   0         0.047     127        1.40      0:46:33   0:00:00   
                                                  s/draw                        
  ━━━━━━━   2000   0         0.046     63         1.23      0:41:09   0:00:00   
                                                  s/draw                        
  ━━━━━━━   2000   0         0.041     63         1.13      0:37:42   0:00:00   
                                                  s/draw                        
  ━━━━━━━   2000   0         0.042     127        1.43      0:47:37   0:00:00   
                                                  s/draw                        
  ━━━━━━━   2000   0         0.057     127        1.32      0:44:00   0:00:00   
                                                  s/draw                        
  ━━━━━━━   2000   0         0.051     127        1.21      0:40:12   0:00:00   
                                                  s/draw                        
  ━━━━━━━   2000   0         0.042     63         1.34      0:44:44   0:00:00   
                                                  s/draw                        
  ━━━━━━━   2000   0         0.059     63         1.27      0:42:23   0:00:00   
                                                  s/draw                        
  ━━━━━━━   2000   0         0.057     63         1.36      0:45:11   0:00:00   
                                                  s/draw                        
  ━━━━━━━   2000   0         0.058     127        1.43      0:47:41   0:00:00   
                                                  s/draw                        
  ━━━━━━━   2000   0         0.050     127        1.27      0:42:13   0:00:00   
                                                  s/draw                        
  ━━━━━━━   2000   0         0.059     127        1.25      0:41:36   0:00:00   
                                                  s/draw                        
  ━━━━━━━   2000   0         0.057     63         1.29      0:42:49   0:00:00   
                                                  s/draw                        
  ━━━━━━━   2000   0         0.051     63         1.16      0:38:46   0:00:00   
                                                  s/draw                        
  ━━━━━━━   2000   0         0.053     127        1.34      0:44:48   0:00:00   
                                                  s/draw                        
  ━━━━━━━   2000   0         0.065     63         1.12      0:37:16   0:00:00   
                                                  s/draw                        
  ━━━━━━━   2000   0         0.061     63         1.20      0:40:07   0:00:00   
                                                  s/draw                        
  ━━━━━━━   2000   0         0.042     127        1.33      0:44:13   0:00:00   
                                                  s/draw                        
  ━━━━━━━   2000   0         0.057     127        1.33      0:44:20   0:00:00   
                                                  s/draw                        
  ━━━━━━━   2000   0         0.056     127        1.29      0:42:51   0:00:00   
                                                  s/draw                        
  ━━━━━━━   2000   0         0.045     127        1.46      0:48:45   0:00:00   
                                                  s/draw                        
  ━━━━━━━   2000   0         0.064     63         1.31      0:43:36   0:00:00   
                                                  s/draw                        
  ━━━━━━━   2000   0         0.060     127        1.32      0:44:04   0:00:00   
                                                  s/draw                        
  ━━━━━━━   2000   0         0.046     63         1.34      0:44:30   0:00:00   
                                                  s/draw                        
                                                                                
Sampling 32 chains for 1_000 tune and 1_000 draw iterations (32_000 + 32_000 draws total) took 2926 seconds.
