Initializing NUTS using jitter+adapt_diag...
Multiprocess sampling (32 chains in 32 jobs)
NUTS: [beta, alpha]
                                                                                
                             Step      Grad                                     
  Progre…   Draw   Diverg…   size      evals      Speed     Elapsed   Remaini…  
 ────────────────────────────────────────────────────────────────────────────── 
  ━━━━━━━   2000   0         0.050     127        1.44      0:47:52   0:00:00   
                                                  s/draw                        
  ━━━━━━━   2000   0         0.047     127        1.40      0:46:44   0:00:00   
                                                  s/draw                        
  ━━━━━━━   2000   0         0.056     63         1.35      0:44:55   0:00:00   
                                                  s/draw                        
  ━━━━━━━   2000   0         0.048     63         1.44      0:47:59   0:00:00   
                                                  s/draw                        
  ━━━━━━━   2000   0         0.050     63         1.20      0:40:06   0:00:00   
                                                  s/draw                        
  ━━━━━━━   2000   0         0.052     127        1.40      0:46:48   0:00:00   
                                                  s/draw                        
  ━━━━━━━   2000   0         0.048     127        1.25      0:41:40   0:00:00   
                                                  s/draw                        
  ━━━━━━━   2000   0         0.057     127        1.36      0:45:18   0:00:00   
                                                  s/draw                        
  ━━━━━━━   2000   0         0.064     63         1.21      0:40:12   0:00:00   
                                                  s/draw                        
  ━━━━━━━   2000   0         0.059     127        1.31      0:43:42   0:00:00   
                                                  s/draw                        
  ━━━━━━━   2000   0         0.052     127        1.27      0:42:28   0:00:00   
                                                  s/draw                        
  ━━━━━━━   2000   0         0.063     127        1.37      0:45:35   0:00:00   
                                                  s/draw                        
  ━━━━━━━   2000   0         0.076     63         1.26      0:42:02   0:00:00   
                                                  s/draw                        
  ━━━━━━━   2000   0         0.061     63         1.44      0:48:09   0:00:00   
                                                  s/draw                        
  ━━━━━━━   2000   0         0.058     127        1.32      0:44:09   0:00:00   
                                                  s/draw                        
  ━━━━━━━   2000   0         0.049     127        1.38      0:45:57   0:00:00   
                                                  s/draw                        
  ━━━━━━━   2000   0         0.048     63         1.23      0:41:04   0:00:00   
                                                  s/draw                        
  ━━━━━━━   2000   0         0.052     127        1.35      0:44:51   0:00:00   
                                                  s/draw                        
  ━━━━━━━   2000   0         0.057     63         1.38      0:45:50   0:00:00   
                                                  s/draw                        
  ━━━━━━━   2000   0         0.067     127        1.25      0:41:40   0:00:00   
                                                  s/draw                        
  ━━━━━━━   2000   0         0.052     63         1.32      0:44:01   0:00:00   
                                                  s/draw                        
  ━━━━━━━   2000   0         0.053     63         1.41      0:46:59   0:00:00   
                                                  s/draw                        
  ━━━━━━━   2000   0         0.055     63         1.33      0:44:21   0:00:00   
                                                  s/draw                        
  ━━━━━━━   2000   0         0.052     63         1.35      0:45:05   0:00:00   
                                                  s/draw                        
  ━━━━━━━   2000   0         0.058     63         1.18      0:39:22   0:00:00   
                                                  s/draw                        
  ━━━━━━━   2000   0         0.066     63         1.18      0:39:20   0:00:00   
                                                  s/draw                        
  ━━━━━━━   2000   0         0.045     63         1.28      0:42:34   0:00:00   
                                                  s/draw                        
  ━━━━━━━   2000   0         0.051     63         1.23      0:41:02   0:00:00   
                                                  s/draw                        
  ━━━━━━━   2000   0         0.058     127        1.31      0:43:44   0:00:00   
                                                  s/draw                        
  ━━━━━━━   2000   0         0.049     127        1.45      0:48:13   0:00:00   
                                                  s/draw                        
  ━━━━━━━   2000   0         0.075     63         1.11      0:37:06   0:00:00   
                                                  s/draw                        
  ━━━━━━━   2000   0         0.059     63         1.38      0:46:03   0:00:00   
                                                  s/draw                        
                                                                                
Sampling 32 chains for 1_000 tune and 1_000 draw iterations (32_000 + 32_000 draws total) took 2894 seconds.
