Initializing NUTS using jitter+adapt_diag...
Multiprocess sampling (32 chains in 32 jobs)
NUTS: [beta, alpha]
                                                                                
                             Step      Grad                                     
  Progre…   Draw   Diverg…   size      evals      Speed     Elapsed   Remaini…  
 ────────────────────────────────────────────────────────────────────────────── 
  ━━━━━━━   2000   0         0.052     63         9.84      5:27:51   0:00:00   
                                                  s/draw                        
  ━━━━━━━   2000   0         0.057     127        1.39      0:46:26   0:00:00   
                                                  s/draw                        
  ━━━━━━━   2000   0         0.045     63         2.65      1:28:16   0:00:00   
                                                  s/draw                        
  ━━━━━━━   2000   0         0.054     63         10.22     5:40:31   0:00:00   
                                                  s/draw                        
  ━━━━━━━   2000   0         0.057     63         4.79      2:39:39   0:00:00   
                                                  s/draw                        
  ━━━━━━━   2000   0         0.059     127        1.66      0:55:22   0:00:00   
                                                  s/draw                        
  ━━━━━━━   2000   0         0.070     63         9.67      5:22:16   0:00:00   
                                                  s/draw                        
  ━━━━━━━   2000   0         0.052     127        1.25      0:41:37   0:00:00   
                                                  s/draw                        
  ━━━━━━━   2000   0         0.061     63         1.24      0:41:15   0:00:00   
                                                  s/draw                        
  ━━━━━━━   2000   0         0.062     63         1.33      0:44:13   0:00:00   
                                                  s/draw                        
  ━━━━━━━   2000   0         0.052     127        3.27      1:49:01   0:00:00   
                                                  s/draw                        
  ━━━━━━━   2000   0         0.039     127        1.33      0:44:28   0:00:00   
                                                  s/draw                        
  ━━━━━━━   2000   0         0.054     63         3.76      2:05:25   0:00:00   
                                                  s/draw                        
  ━━━━━━━   2000   0         0.065     127        5.92      3:17:20   0:00:00   
                                                  s/draw                        
  ━━━━━━━   2000   0         0.061     127        2.54      1:24:46   0:00:00   
                                                  s/draw                        
  ━━━━━━━   2000   0         0.073     127        2.77      1:32:26   0:00:00   
                                                  s/draw                        
  ━━━━━━━   2000   0         0.044     127        1.38      0:46:06   0:00:00   
                                                  s/draw                        
  ━━━━━━━   2000   0         0.041     127        9.54      5:18:11   0:00:00   
                                                  s/draw                        
  ━━━━━━━   2000   0         0.049     127        2.23      1:14:09   0:00:00   
                                                  s/draw                        
  ━━━━━━━   2000   0         0.040     127        1.32      0:44:08   0:00:00   
                                                  s/draw                        
  ━━━━━━━   2000   0         0.050     63         1.79      0:59:41   0:00:00   
                                                  s/draw                        
  ━━━━━━━   2000   0         0.059     63         6.47      3:35:46   0:00:00   
                                                  s/draw                        
  ━━━━━━━   2000   0         0.062     127        2.15      1:11:49   0:00:00   
                                                  s/draw                        
  ━━━━━━━   2000   0         0.073     127        4.27      2:22:07   0:00:00   
                                                  s/draw                        
  ━━━━━━━   2000   0         0.067     63         2.32      1:17:15   0:00:00   
                                                  s/draw                        
  ━━━━━━━   2000   0         0.067     63         1.30      0:43:22   0:00:00   
                                                  s/draw                        
  ━━━━━━━   2000   0         0.060     63         2.60      1:26:30   0:00:00   
                                                  s/draw                        
  ━━━━━━━   2000   0         0.052     127        3.74      2:04:46   0:00:00   
                                                  s/draw                        
  ━━━━━━━   2000   0         0.051     63         1.27      0:42:11   0:00:00   
                                                  s/draw                        
  ━━━━━━━   2000   0         0.049     63         1.19      0:39:33   0:00:00   
                                                  s/draw                        
  ━━━━━━━   2000   0         0.056     127        1.36      0:45:25   0:00:00   
                                                  s/draw                        
  ━━━━━━━   2000   0         0.060     127        1.45      0:48:18   0:00:00   
                                                  s/draw                        
                                                                                
Sampling 32 chains for 1_000 tune and 1_000 draw iterations (32_000 + 32_000 draws total) took 20434 seconds.
