Traceback (most recent call last):
  File "<frozen runpy>", line 198, in _run_module_as_main
  File "<frozen runpy>", line 88, in _run_code
  File "/scratch/31277371/src/train/sweep_edge.py", line 332, in <module>
    main()
  File "/scratch/31277371/src/train/sweep_edge.py", line 296, in main
    data = prepare_data("data")
           ^^^^^^^^^^^^^^^^^^^^
  File "/scratch/31277371/src/train/evaluate.py", line 31, in prepare_data
    return load_data(data_dir)
           ^^^^^^^^^^^^^^^^^^^
  File "/scratch/31277371/src/predict/submission.py", line 32, in load_data
    mens_results = pd.read_csv(kaggle / "MRegularSeasonCompactResults.csv")
                   ^^^^^^^^^^^^^^^^^^^^^^^^^^^^^^^^^^^^^^^^^^^^^^^^^^^^^^^^
  File "/home/mborrus/miniconda3/envs/borhoops/lib/python3.11/site-packages/pandas/io/parsers/readers.py", line 873, in read_csv
    return _read(filepath_or_buffer, kwds)
           ^^^^^^^^^^^^^^^^^^^^^^^^^^^^^^^
  File "/home/mborrus/miniconda3/envs/borhoops/lib/python3.11/site-packages/pandas/io/parsers/readers.py", line 300, in _read
    parser = TextFileReader(filepath_or_buffer, **kwds)
             ^^^^^^^^^^^^^^^^^^^^^^^^^^^^^^^^^^^^^^^^^^
  File "/home/mborrus/miniconda3/envs/borhoops/lib/python3.11/site-packages/pandas/io/parsers/readers.py", line 1645, in __init__
    self._engine = self._make_engine(f, self.engine)
                   ^^^^^^^^^^^^^^^^^^^^^^^^^^^^^^^^^
  File "/home/mborrus/miniconda3/envs/borhoops/lib/python3.11/site-packages/pandas/io/parsers/readers.py", line 1904, in _make_engine
    self.handles = get_handle(
                   ^^^^^^^^^^^
  File "/home/mborrus/miniconda3/envs/borhoops/lib/python3.11/site-packages/pandas/io/common.py", line 926, in get_handle
    handle = open(
             ^^^^^
FileNotFoundError: [Errno 2] No such file or directory: 'data/kaggle/MRegularSeasonCompactResults.csv'
