Total configs: 1651
Building features...
Loading ML odds...
  [900] win=54.2% bets=247 ROI=+4.9%  ['elo_diff', 'home', 'sos_diff', 'conf_elo_diff', 'trank_adjD_diff']
  [901] win=61.2% bets=219 ROI=+18.4%  ['elo_diff', 'home', 'sos_diff', 'conf_elo_diff', 'off_eff_r10_diff']
  [902] win=54.9% bets=244 ROI=+6.2%  ['elo_diff', 'home', 'sos_diff', 'conf_elo_diff', 'def_eff_r10_diff']
  [903] win=53.7% bets=246 ROI=+3.8%  ['elo_diff', 'home', 'sos_diff', 'trank_adjO_diff', 'trank_adjD_diff']
  [904] win=60.3% bets=219 ROI=+16.7%  ['elo_diff', 'home', 'sos_diff', 'trank_adjO_diff', 'off_eff_r10_diff']
  [905] win=54.2% bets=240 ROI=+4.6%  ['elo_diff', 'home', 'sos_diff', 'trank_adjO_diff', 'def_eff_r10_diff']
  [906] win=61.0% bets=213 ROI=+18.0%  ['elo_diff', 'home', 'sos_diff', 'trank_adjD_diff', 'off_eff_r10_diff']
  [907] win=55.4% bets=240 ROI=+7.1%  ['elo_diff', 'home', 'sos_diff', 'trank_adjD_diff', 'def_eff_r10_diff']
  [908] win=53.7% bets=188 ROI=+4.3%  ['elo_diff', 'home', 'sos_diff', 'off_eff_r10_diff', 'def_eff_r10_diff']
  [909] win=54.0% bets=252 ROI=+4.4%  ['elo_diff', 'home', 'conf_elo_diff', 'trank_adjO_diff', 'trank_adjD_diff']
  [910] win=58.6% bets=232 ROI=+13.6%  ['elo_diff', 'home', 'conf_elo_diff', 'trank_adjO_diff', 'off_eff_r10_diff']
  [911] win=54.9% bets=246 ROI=+6.0%  ['elo_diff', 'home', 'conf_elo_diff', 'trank_adjO_diff', 'def_eff_r10_diff']
  [912] win=57.7% bets=227 ROI=+11.8%  ['elo_diff', 'home', 'conf_elo_diff', 'trank_adjD_diff', 'off_eff_r10_diff']
  [913] win=55.3% bets=246 ROI=+6.8%  ['elo_diff', 'home', 'conf_elo_diff', 'trank_adjD_diff', 'def_eff_r10_diff']
  [914] win=56.6% bets=219 ROI=+9.8%  ['elo_diff', 'home', 'conf_elo_diff', 'off_eff_r10_diff', 'def_eff_r10_diff']
  [915] win=58.5% bets=224 ROI=+13.4%  ['elo_diff', 'home', 'trank_adjO_diff', 'trank_adjD_diff', 'off_eff_r10_diff']
  [916] win=55.6% bets=243 ROI=+7.2%  ['elo_diff', 'home', 'trank_adjO_diff', 'trank_adjD_diff', 'def_eff_r10_diff']
  [917] win=53.9% bets=219 ROI=+4.5%  ['elo_diff', 'home', 'trank_adjO_diff', 'off_eff_r10_diff', 'def_eff_r10_diff']
  [918] win=57.1% bets=217 ROI=+10.9%  ['elo_diff', 'home', 'trank_adjD_diff', 'off_eff_r10_diff', 'def_eff_r10_diff']
  [919] win=65.7% bets=750 ROI=+27.5%  ['elo_diff', 'massey_avg_diff', 'margin_mean_diff', 'barthag_diff', 'sos_diff']
  [920] win=65.8% bets=737 ROI=+27.6%  ['elo_diff', 'massey_avg_diff', 'margin_mean_diff', 'barthag_diff', 'conf_elo_diff']
  [921] win=65.7% bets=750 ROI=+27.4%  ['elo_diff', 'massey_avg_diff', 'margin_mean_diff', 'barthag_diff', 'trank_adjO_diff']
  [922] win=65.6% bets=750 ROI=+27.2%  ['elo_diff', 'massey_avg_diff', 'margin_mean_diff', 'barthag_diff', 'trank_adjD_diff']
  [923] win=65.5% bets=748 ROI=+27.0%  ['elo_diff', 'massey_avg_diff', 'margin_mean_diff', 'barthag_diff', 'off_eff_r10_diff']
  [924] win=65.6% bets=756 ROI=+27.2%  ['elo_diff', 'massey_avg_diff', 'margin_mean_diff', 'barthag_diff', 'def_eff_r10_diff']
  [925] win=65.7% bets=735 ROI=+27.3%  ['elo_diff', 'massey_avg_diff', 'margin_mean_diff', 'sos_diff', 'conf_elo_diff']
  [926] win=65.9% bets=751 ROI=+27.8%  ['elo_diff', 'massey_avg_diff', 'margin_mean_diff', 'sos_diff', 'trank_adjO_diff']
  [927] win=66.0% bets=752 ROI=+27.9%  ['elo_diff', 'massey_avg_diff', 'margin_mean_diff', 'sos_diff', 'trank_adjD_diff']
  [928] win=65.0% bets=752 ROI=+26.1%  ['elo_diff', 'massey_avg_diff', 'margin_mean_diff', 'sos_diff', 'off_eff_r10_diff']
  [929] win=65.6% bets=751 ROI=+27.3%  ['elo_diff', 'massey_avg_diff', 'margin_mean_diff', 'sos_diff', 'def_eff_r10_diff']
  [930] win=66.1% bets=740 ROI=+28.0%  ['elo_diff', 'massey_avg_diff', 'margin_mean_diff', 'conf_elo_diff', 'trank_adjO_diff']
  [931] win=66.0% bets=741 ROI=+27.9%  ['elo_diff', 'massey_avg_diff', 'margin_mean_diff', 'conf_elo_diff', 'trank_adjD_diff']
  [932] win=66.0% bets=732 ROI=+27.9%  ['elo_diff', 'massey_avg_diff', 'margin_mean_diff', 'conf_elo_diff', 'off_eff_r10_diff']
  [933] win=65.8% bets=733 ROI=+27.4%  ['elo_diff', 'massey_avg_diff', 'margin_mean_diff', 'conf_elo_diff', 'def_eff_r10_diff']
  [934] win=66.0% bets=749 ROI=+27.8%  ['elo_diff', 'massey_avg_diff', 'margin_mean_diff', 'trank_adjO_diff', 'trank_adjD_diff']
  [935] win=65.4% bets=749 ROI=+26.8%  ['elo_diff', 'massey_avg_diff', 'margin_mean_diff', 'trank_adjO_diff', 'off_eff_r10_diff']
  [936] win=65.7% bets=755 ROI=+27.3%  ['elo_diff', 'massey_avg_diff', 'margin_mean_diff', 'trank_adjO_diff', 'def_eff_r10_diff']
  [937] win=65.5% bets=745 ROI=+27.0%  ['elo_diff', 'massey_avg_diff', 'margin_mean_diff', 'trank_adjD_diff', 'off_eff_r10_diff']
  [938] win=65.6% bets=751 ROI=+27.2%  ['elo_diff', 'massey_avg_diff', 'margin_mean_diff', 'trank_adjD_diff', 'def_eff_r10_diff']
  [939] win=65.3% bets=752 ROI=+26.5%  ['elo_diff', 'massey_avg_diff', 'margin_mean_diff', 'off_eff_r10_diff', 'def_eff_r10_diff']
  [940] win=66.1% bets=734 ROI=+28.1%  ['elo_diff', 'massey_avg_diff', 'barthag_diff', 'sos_diff', 'conf_elo_diff']
  [941] win=65.2% bets=748 ROI=+26.5%  ['elo_diff', 'massey_avg_diff', 'barthag_diff', 'sos_diff', 'trank_adjO_diff']
  [942] win=65.7% bets=744 ROI=+27.4%  ['elo_diff', 'massey_avg_diff', 'barthag_diff', 'sos_diff', 'trank_adjD_diff']
  [943] win=65.4% bets=746 ROI=+26.9%  ['elo_diff', 'massey_avg_diff', 'barthag_diff', 'sos_diff', 'off_eff_r10_diff']
  [944] win=66.0% bets=751 ROI=+28.1%  ['elo_diff', 'massey_avg_diff', 'barthag_diff', 'sos_diff', 'def_eff_r10_diff']
  [945] win=66.2% bets=742 ROI=+28.2%  ['elo_diff', 'massey_avg_diff', 'barthag_diff', 'conf_elo_diff', 'trank_adjO_diff']
  [946] win=66.2% bets=743 ROI=+28.3%  ['elo_diff', 'massey_avg_diff', 'barthag_diff', 'conf_elo_diff', 'trank_adjD_diff']
  [947] win=66.4% bets=732 ROI=+28.7%  ['elo_diff', 'massey_avg_diff', 'barthag_diff', 'conf_elo_diff', 'off_eff_r10_diff']
  [948] win=66.0% bets=743 ROI=+27.8%  ['elo_diff', 'massey_avg_diff', 'barthag_diff', 'conf_elo_diff', 'def_eff_r10_diff']
  [949] win=65.4% bets=766 ROI=+26.8%  ['elo_diff', 'massey_avg_diff', 'barthag_diff', 'trank_adjO_diff', 'trank_adjD_diff']
