Total configs: 1651
Building features...
Loading ML odds...
  [1600] win=73.2% bets=164 ROI=+42.3%  ['elo_diff', 'elo_pred', 'home', 'massey_avg_diff', 'margin_mean_diff']
  [1601] win=79.4% bets=102 ROI=+53.9%  ['elo_diff', 'elo_pred', 'home', 'massey_avg_diff', 'margin_mean_diff']
  [1602] win=83.6% bets= 73 ROI=+61.8%  ['elo_diff', 'elo_pred', 'home', 'massey_avg_diff', 'margin_mean_diff']
  [1603] win=72.5% bets=2356 ROI=+41.2%  ['elo_diff', 'elo_pred', 'home', 'massey_avg_diff', 'margin_mean_diff']
  [1604] win=76.3% bets=1534 ROI=+49.1%  ['elo_diff', 'elo_pred', 'home', 'massey_avg_diff', 'margin_mean_diff']
  [1605] win=78.5% bets=966 ROI=+53.4%  ['elo_diff', 'elo_pred', 'home', 'massey_avg_diff', 'margin_mean_diff']
  [1606] win=81.1% bets=555 ROI=+58.9%  ['elo_diff', 'elo_pred', 'home', 'massey_avg_diff', 'margin_mean_diff']
  [1607] win=72.4% bets=791 ROI=+40.1%  ['elo_diff', 'elo_pred', 'home', 'massey_avg_diff', 'margin_mean_diff']
  [1608] win=77.1% bets=497 ROI=+49.1%  ['elo_diff', 'elo_pred', 'home', 'massey_avg_diff', 'margin_mean_diff']
  [1609] win=80.3% bets=309 ROI=+54.8%  ['elo_diff', 'elo_pred', 'home', 'massey_avg_diff', 'margin_mean_diff']
  [1610] win=83.1% bets=195 ROI=+60.5%  ['elo_diff', 'elo_pred', 'home', 'massey_avg_diff', 'margin_mean_diff']
  [1611] win=68.7% bets=246 ROI=+34.0%  ['elo_diff', 'elo_pred', 'home', 'massey_avg_diff', 'margin_mean_diff']
  [1612] win=73.2% bets=164 ROI=+42.3%  ['elo_diff', 'elo_pred', 'home', 'massey_avg_diff', 'margin_mean_diff']
  [1613] win=79.4% bets=102 ROI=+53.9%  ['elo_diff', 'elo_pred', 'home', 'massey_avg_diff', 'margin_mean_diff']
  [1614] win=83.6% bets= 73 ROI=+61.8%  ['elo_diff', 'elo_pred', 'home', 'massey_avg_diff', 'margin_mean_diff']
  [1615] win=72.4% bets=2231 ROI=+41.3%  ['home', 'massey_avg_diff', 'margin_mean_diff', 'conf_elo_diff']
  [1616] win=76.6% bets=1400 ROI=+49.7%  ['home', 'massey_avg_diff', 'margin_mean_diff', 'conf_elo_diff']
  [1617] win=80.1% bets=843 ROI=+56.6%  ['home', 'massey_avg_diff', 'margin_mean_diff', 'conf_elo_diff']
  [1618] win=81.1% bets=465 ROI=+59.1%  ['home', 'massey_avg_diff', 'margin_mean_diff', 'conf_elo_diff']
  [1619] win=72.2% bets=742 ROI=+39.7%  ['home', 'massey_avg_diff', 'margin_mean_diff', 'conf_elo_diff']
  [1620] win=78.0% bets=459 ROI=+50.9%  ['home', 'massey_avg_diff', 'margin_mean_diff', 'conf_elo_diff']
  [1621] win=83.5% bets=278 ROI=+61.3%  ['home', 'massey_avg_diff', 'margin_mean_diff', 'conf_elo_diff']
  [1622] win=82.5% bets=166 ROI=+59.4%  ['home', 'massey_avg_diff', 'margin_mean_diff', 'conf_elo_diff']
  [1623] win=69.5% bets=236 ROI=+35.5%  ['home', 'massey_avg_diff', 'margin_mean_diff', 'conf_elo_diff']
  [1624] win=75.3% bets=150 ROI=+46.4%  ['home', 'massey_avg_diff', 'margin_mean_diff', 'conf_elo_diff']
  [1625] win=84.3% bets= 89 ROI=+63.7%  ['home', 'massey_avg_diff', 'margin_mean_diff', 'conf_elo_diff']
  [1626] win=82.3% bets= 62 ROI=+59.3%  ['home', 'massey_avg_diff', 'margin_mean_diff', 'conf_elo_diff']
  [1627] win=72.4% bets=2249 ROI=+41.2%  ['home', 'massey_avg_diff', 'margin_mean_diff', 'conf_elo_diff']
  [1628] win=76.5% bets=1415 ROI=+49.4%  ['home', 'massey_avg_diff', 'margin_mean_diff', 'conf_elo_diff']
  [1629] win=80.1% bets=854 ROI=+56.7%  ['home', 'massey_avg_diff', 'margin_mean_diff', 'conf_elo_diff']
  [1630] win=80.8% bets=473 ROI=+58.4%  ['home', 'massey_avg_diff', 'margin_mean_diff', 'conf_elo_diff']
  [1631] win=72.2% bets=748 ROI=+39.6%  ['home', 'massey_avg_diff', 'margin_mean_diff', 'conf_elo_diff']
  [1632] win=77.7% bets=467 ROI=+50.4%  ['home', 'massey_avg_diff', 'margin_mean_diff', 'conf_elo_diff']
  [1633] win=83.6% bets=280 ROI=+61.5%  ['home', 'massey_avg_diff', 'margin_mean_diff', 'conf_elo_diff']
  [1634] win=82.8% bets=169 ROI=+59.9%  ['home', 'massey_avg_diff', 'margin_mean_diff', 'conf_elo_diff']
  [1635] win=69.2% bets=237 ROI=+34.9%  ['home', 'massey_avg_diff', 'margin_mean_diff', 'conf_elo_diff']
  [1636] win=75.3% bets=150 ROI=+46.4%  ['home', 'massey_avg_diff', 'margin_mean_diff', 'conf_elo_diff']
  [1637] win=84.3% bets= 89 ROI=+63.7%  ['home', 'massey_avg_diff', 'margin_mean_diff', 'conf_elo_diff']
  [1638] win=82.3% bets= 62 ROI=+59.3%  ['home', 'massey_avg_diff', 'margin_mean_diff', 'conf_elo_diff']
  [1639] win=72.5% bets=2251 ROI=+41.3%  ['home', 'massey_avg_diff', 'margin_mean_diff', 'conf_elo_diff']
  [1640] win=76.5% bets=1416 ROI=+49.5%  ['home', 'massey_avg_diff', 'margin_mean_diff', 'conf_elo_diff']
  [1641] win=79.9% bets=857 ROI=+56.4%  ['home', 'massey_avg_diff', 'margin_mean_diff', 'conf_elo_diff']
  [1642] win=80.5% bets=477 ROI=+57.9%  ['home', 'massey_avg_diff', 'margin_mean_diff', 'conf_elo_diff']
  [1643] win=72.2% bets=749 ROI=+39.7%  ['home', 'massey_avg_diff', 'margin_mean_diff', 'conf_elo_diff']
  [1644] win=77.7% bets=467 ROI=+50.4%  ['home', 'massey_avg_diff', 'margin_mean_diff', 'conf_elo_diff']
  [1645] win=83.3% bets=282 ROI=+61.1%  ['home', 'massey_avg_diff', 'margin_mean_diff', 'conf_elo_diff']
  [1646] win=82.9% bets=170 ROI=+60.1%  ['home', 'massey_avg_diff', 'margin_mean_diff', 'conf_elo_diff']
  [1647] win=69.2% bets=237 ROI=+34.9%  ['home', 'massey_avg_diff', 'margin_mean_diff', 'conf_elo_diff']
  [1648] win=75.3% bets=150 ROI=+46.4%  ['home', 'massey_avg_diff', 'margin_mean_diff', 'conf_elo_diff']
  [1649] win=84.3% bets= 89 ROI=+63.7%  ['home', 'massey_avg_diff', 'margin_mean_diff', 'conf_elo_diff']
