Total configs: 1651
Building features...
Loading ML odds...
  [250] win=50.3% bets=471 ROI=-2.5%  ['elo_diff', 'elo_pred', 'sos_diff', 'conf_elo_diff']
  [251] win=50.3% bets=473 ROI=-2.5%  ['elo_diff', 'elo_pred', 'sos_diff', 'trank_adjO_diff']
  [252] win=50.2% bets=468 ROI=-2.8%  ['elo_diff', 'elo_pred', 'sos_diff', 'trank_adjD_diff']
  [253] win=52.0% bets=485 ROI=+0.8%  ['elo_diff', 'elo_pred', 'sos_diff', 'off_eff_r10_diff']
  [254] win=49.7% bets=473 ROI=-3.8%  ['elo_diff', 'elo_pred', 'sos_diff', 'def_eff_r10_diff']
  [255] win=50.2% bets=470 ROI=-2.7%  ['elo_diff', 'elo_pred', 'conf_elo_diff', 'trank_adjO_diff']
  [256] win=50.3% bets=467 ROI=-2.5%  ['elo_diff', 'elo_pred', 'conf_elo_diff', 'trank_adjD_diff']
  [257] win=52.4% bets=492 ROI=+1.7%  ['elo_diff', 'elo_pred', 'conf_elo_diff', 'off_eff_r10_diff']
  [258] win=50.0% bets=458 ROI=-3.2%  ['elo_diff', 'elo_pred', 'conf_elo_diff', 'def_eff_r10_diff']
  [259] win=49.9% bets=467 ROI=-3.3%  ['elo_diff', 'elo_pred', 'trank_adjO_diff', 'trank_adjD_diff']
  [260] win=51.9% bets=487 ROI=+0.8%  ['elo_diff', 'elo_pred', 'trank_adjO_diff', 'off_eff_r10_diff']
  [261] win=49.6% bets=458 ROI=-4.1%  ['elo_diff', 'elo_pred', 'trank_adjO_diff', 'def_eff_r10_diff']
  [262] win=51.5% bets=472 ROI=-0.2%  ['elo_diff', 'elo_pred', 'trank_adjD_diff', 'off_eff_r10_diff']
  [263] win=49.8% bets=470 ROI=-3.7%  ['elo_diff', 'elo_pred', 'trank_adjD_diff', 'def_eff_r10_diff']
  [264] win=51.6% bets=461 ROI=+0.1%  ['elo_diff', 'elo_pred', 'off_eff_r10_diff', 'def_eff_r10_diff']
  [265] win=77.0% bets=496 ROI=+49.0%  ['elo_diff', 'home', 'massey_avg_diff', 'margin_mean_diff']
  [266] win=76.6% bets=492 ROI=+48.2%  ['elo_diff', 'home', 'massey_avg_diff', 'barthag_diff']
  [267] win=76.8% bets=491 ROI=+48.6%  ['elo_diff', 'home', 'massey_avg_diff', 'sos_diff']
  [268] win=77.0% bets=501 ROI=+49.1%  ['elo_diff', 'home', 'massey_avg_diff', 'conf_elo_diff']
  [269] win=76.9% bets=493 ROI=+48.7%  ['elo_diff', 'home', 'massey_avg_diff', 'trank_adjO_diff']
  [270] win=75.8% bets=487 ROI=+46.7%  ['elo_diff', 'home', 'massey_avg_diff', 'trank_adjD_diff']
  [271] win=76.5% bets=494 ROI=+48.0%  ['elo_diff', 'home', 'massey_avg_diff', 'off_eff_r10_diff']
  [272] win=77.6% bets=487 ROI=+50.2%  ['elo_diff', 'home', 'massey_avg_diff', 'def_eff_r10_diff']
  [273] win=53.3% bets=225 ROI=+3.2%  ['elo_diff', 'home', 'margin_mean_diff', 'barthag_diff']
  [274] win=52.5% bets=200 ROI=+2.0%  ['elo_diff', 'home', 'margin_mean_diff', 'sos_diff']
  [275] win=54.5% bets=231 ROI=+5.5%  ['elo_diff', 'home', 'margin_mean_diff', 'conf_elo_diff']
  [276] win=53.4% bets=223 ROI=+3.3%  ['elo_diff', 'home', 'margin_mean_diff', 'trank_adjO_diff']
  [277] win=51.7% bets=230 ROI=+0.1%  ['elo_diff', 'home', 'margin_mean_diff', 'trank_adjD_diff']
  [278] win=54.5% bets=224 ROI=+5.6%  ['elo_diff', 'home', 'margin_mean_diff', 'off_eff_r10_diff']
  [279] win=54.1% bets=231 ROI=+4.7%  ['elo_diff', 'home', 'margin_mean_diff', 'def_eff_r10_diff']
  [280] win=53.2% bets=248 ROI=+2.9%  ['elo_diff', 'home', 'barthag_diff', 'sos_diff']
  [281] win=54.8% bets=250 ROI=+6.0%  ['elo_diff', 'home', 'barthag_diff', 'conf_elo_diff']
  [282] win=55.1% bets=245 ROI=+6.6%  ['elo_diff', 'home', 'barthag_diff', 'trank_adjO_diff']
  [283] win=55.3% bets=244 ROI=+7.1%  ['elo_diff', 'home', 'barthag_diff', 'trank_adjD_diff']
  [284] win=57.7% bets=222 ROI=+11.8%  ['elo_diff', 'home', 'barthag_diff', 'off_eff_r10_diff']
  [285] win=56.0% bets=243 ROI=+8.1%  ['elo_diff', 'home', 'barthag_diff', 'def_eff_r10_diff']
  [286] win=54.9% bets=246 ROI=+6.2%  ['elo_diff', 'home', 'sos_diff', 'conf_elo_diff']
  [287] win=53.0% bets=249 ROI=+2.5%  ['elo_diff', 'home', 'sos_diff', 'trank_adjO_diff']
  [288] win=53.5% bets=245 ROI=+3.5%  ['elo_diff', 'home', 'sos_diff', 'trank_adjD_diff']
  [289] win=60.1% bets=218 ROI=+16.3%  ['elo_diff', 'home', 'sos_diff', 'off_eff_r10_diff']
  [290] win=54.8% bets=239 ROI=+6.0%  ['elo_diff', 'home', 'sos_diff', 'def_eff_r10_diff']
  [291] win=54.8% bets=250 ROI=+6.0%  ['elo_diff', 'home', 'conf_elo_diff', 'trank_adjO_diff']
  [292] win=54.2% bets=251 ROI=+4.8%  ['elo_diff', 'home', 'conf_elo_diff', 'trank_adjD_diff']
  [293] win=57.9% bets=235 ROI=+12.1%  ['elo_diff', 'home', 'conf_elo_diff', 'off_eff_r10_diff']
  [294] win=55.6% bets=250 ROI=+7.5%  ['elo_diff', 'home', 'conf_elo_diff', 'def_eff_r10_diff']
  [295] win=54.5% bets=244 ROI=+5.4%  ['elo_diff', 'home', 'trank_adjO_diff', 'trank_adjD_diff']
  [296] win=59.0% bets=222 ROI=+14.4%  ['elo_diff', 'home', 'trank_adjO_diff', 'off_eff_r10_diff']
  [297] win=55.4% bets=242 ROI=+6.9%  ['elo_diff', 'home', 'trank_adjO_diff', 'def_eff_r10_diff']
  [298] win=57.9% bets=223 ROI=+12.3%  ['elo_diff', 'home', 'trank_adjD_diff', 'off_eff_r10_diff']
  [299] win=55.4% bets=240 ROI=+7.0%  ['elo_diff', 'home', 'trank_adjD_diff', 'def_eff_r10_diff']
