Total configs: 1651
Building features...
Loading ML odds...
  [1550] win=82.4% bets=159 ROI=+59.2%  ['home', 'massey_avg_diff', 'barthag_diff', 'conf_elo_diff']
  [1551] win=70.6% bets=228 ROI=+37.6%  ['home', 'massey_avg_diff', 'barthag_diff', 'conf_elo_diff']
  [1552] win=76.0% bets=146 ROI=+47.7%  ['home', 'massey_avg_diff', 'barthag_diff', 'conf_elo_diff']
  [1553] win=81.6% bets= 87 ROI=+58.4%  ['home', 'massey_avg_diff', 'barthag_diff', 'conf_elo_diff']
  [1554] win=82.0% bets= 61 ROI=+58.9%  ['home', 'massey_avg_diff', 'barthag_diff', 'conf_elo_diff']
  [1555] win=72.6% bets=2207 ROI=+41.6%  ['home', 'massey_avg_diff', 'barthag_diff', 'conf_elo_diff']
  [1556] win=76.7% bets=1351 ROI=+49.7%  ['home', 'massey_avg_diff', 'barthag_diff', 'conf_elo_diff']
  [1557] win=80.1% bets=804 ROI=+56.6%  ['home', 'massey_avg_diff', 'barthag_diff', 'conf_elo_diff']
  [1558] win=80.6% bets=448 ROI=+58.3%  ['home', 'massey_avg_diff', 'barthag_diff', 'conf_elo_diff']
  [1559] win=72.9% bets=728 ROI=+41.1%  ['home', 'massey_avg_diff', 'barthag_diff', 'conf_elo_diff']
  [1560] win=78.2% bets=440 ROI=+51.1%  ['home', 'massey_avg_diff', 'barthag_diff', 'conf_elo_diff']
  [1561] win=82.2% bets=269 ROI=+58.6%  ['home', 'massey_avg_diff', 'barthag_diff', 'conf_elo_diff']
  [1562] win=82.0% bets=161 ROI=+58.5%  ['home', 'massey_avg_diff', 'barthag_diff', 'conf_elo_diff']
  [1563] win=70.7% bets=229 ROI=+37.8%  ['home', 'massey_avg_diff', 'barthag_diff', 'conf_elo_diff']
  [1564] win=75.5% bets=147 ROI=+46.7%  ['home', 'massey_avg_diff', 'barthag_diff', 'conf_elo_diff']
  [1565] win=81.8% bets= 88 ROI=+58.9%  ['home', 'massey_avg_diff', 'barthag_diff', 'conf_elo_diff']
  [1566] win=82.0% bets= 61 ROI=+58.9%  ['home', 'massey_avg_diff', 'barthag_diff', 'conf_elo_diff']
  [1567] win=72.6% bets=2208 ROI=+41.6%  ['home', 'massey_avg_diff', 'barthag_diff', 'conf_elo_diff']
  [1568] win=76.6% bets=1354 ROI=+49.5%  ['home', 'massey_avg_diff', 'barthag_diff', 'conf_elo_diff']
  [1569] win=80.1% bets=805 ROI=+56.7%  ['home', 'massey_avg_diff', 'barthag_diff', 'conf_elo_diff']
  [1570] win=80.6% bets=448 ROI=+58.3%  ['home', 'massey_avg_diff', 'barthag_diff', 'conf_elo_diff']
  [1571] win=73.0% bets=729 ROI=+41.1%  ['home', 'massey_avg_diff', 'barthag_diff', 'conf_elo_diff']
  [1572] win=78.0% bets=442 ROI=+50.9%  ['home', 'massey_avg_diff', 'barthag_diff', 'conf_elo_diff']
  [1573] win=82.2% bets=269 ROI=+58.6%  ['home', 'massey_avg_diff', 'barthag_diff', 'conf_elo_diff']
  [1574] win=82.0% bets=161 ROI=+58.5%  ['home', 'massey_avg_diff', 'barthag_diff', 'conf_elo_diff']
  [1575] win=70.7% bets=229 ROI=+37.8%  ['home', 'massey_avg_diff', 'barthag_diff', 'conf_elo_diff']
  [1576] win=75.5% bets=147 ROI=+46.7%  ['home', 'massey_avg_diff', 'barthag_diff', 'conf_elo_diff']
  [1577] win=81.8% bets= 88 ROI=+58.9%  ['home', 'massey_avg_diff', 'barthag_diff', 'conf_elo_diff']
  [1578] win=82.0% bets= 61 ROI=+58.9%  ['home', 'massey_avg_diff', 'barthag_diff', 'conf_elo_diff']
  [1579] win=72.6% bets=2330 ROI=+41.6%  ['elo_diff', 'elo_pred', 'home', 'massey_avg_diff', 'margin_mean_diff']
  [1580] win=76.5% bets=1514 ROI=+49.4%  ['elo_diff', 'elo_pred', 'home', 'massey_avg_diff', 'margin_mean_diff']
  [1581] win=78.7% bets=944 ROI=+53.9%  ['elo_diff', 'elo_pred', 'home', 'massey_avg_diff', 'margin_mean_diff']
  [1582] win=81.1% bets=546 ROI=+59.0%  ['elo_diff', 'elo_pred', 'home', 'massey_avg_diff', 'margin_mean_diff']
  [1583] win=72.7% bets=785 ROI=+40.7%  ['elo_diff', 'elo_pred', 'home', 'massey_avg_diff', 'margin_mean_diff']
  [1584] win=77.5% bets=485 ROI=+50.0%  ['elo_diff', 'elo_pred', 'home', 'massey_avg_diff', 'margin_mean_diff']
  [1585] win=80.7% bets=305 ROI=+55.6%  ['elo_diff', 'elo_pred', 'home', 'massey_avg_diff', 'margin_mean_diff']
  [1586] win=82.7% bets=191 ROI=+59.8%  ['elo_diff', 'elo_pred', 'home', 'massey_avg_diff', 'margin_mean_diff']
  [1587] win=68.7% bets=246 ROI=+34.0%  ['elo_diff', 'elo_pred', 'home', 'massey_avg_diff', 'margin_mean_diff']
  [1588] win=74.2% bets=159 ROI=+44.3%  ['elo_diff', 'elo_pred', 'home', 'massey_avg_diff', 'margin_mean_diff']
  [1589] win=80.2% bets=101 ROI=+55.4%  ['elo_diff', 'elo_pred', 'home', 'massey_avg_diff', 'margin_mean_diff']
  [1590] win=83.3% bets= 72 ROI=+61.3%  ['elo_diff', 'elo_pred', 'home', 'massey_avg_diff', 'margin_mean_diff']
  [1591] win=72.4% bets=2355 ROI=+41.1%  ['elo_diff', 'elo_pred', 'home', 'massey_avg_diff', 'margin_mean_diff']
  [1592] win=76.4% bets=1531 ROI=+49.3%  ['elo_diff', 'elo_pred', 'home', 'massey_avg_diff', 'margin_mean_diff']
  [1593] win=78.4% bets=963 ROI=+53.2%  ['elo_diff', 'elo_pred', 'home', 'massey_avg_diff', 'margin_mean_diff']
  [1594] win=81.1% bets=555 ROI=+58.9%  ['elo_diff', 'elo_pred', 'home', 'massey_avg_diff', 'margin_mean_diff']
  [1595] win=72.4% bets=792 ROI=+39.9%  ['elo_diff', 'elo_pred', 'home', 'massey_avg_diff', 'margin_mean_diff']
  [1596] win=77.2% bets=495 ROI=+49.3%  ['elo_diff', 'elo_pred', 'home', 'massey_avg_diff', 'margin_mean_diff']
  [1597] win=80.3% bets=309 ROI=+54.8%  ['elo_diff', 'elo_pred', 'home', 'massey_avg_diff', 'margin_mean_diff']
  [1598] win=83.1% bets=195 ROI=+60.5%  ['elo_diff', 'elo_pred', 'home', 'massey_avg_diff', 'margin_mean_diff']
  [1599] win=68.7% bets=246 ROI=+34.0%  ['elo_diff', 'elo_pred', 'home', 'massey_avg_diff', 'margin_mean_diff']
