Total configs: 1651
Building features...
Loading ML odds...
  [200] win=54.2% bets=330 ROI=+5.4%  ['sos_diff', 'conf_elo_diff', 'trank_adjO_diff']
  [201] win=50.1% bets=335 ROI=-2.3%  ['sos_diff', 'conf_elo_diff', 'trank_adjD_diff']
  [202] win=51.7% bets=429 ROI=+0.6%  ['sos_diff', 'conf_elo_diff', 'off_eff_r10_diff']
  [203] win=49.1% bets=379 ROI=-4.8%  ['sos_diff', 'conf_elo_diff', 'def_eff_r10_diff']
  [204] win=54.5% bets=380 ROI=+5.6%  ['sos_diff', 'trank_adjO_diff', 'trank_adjD_diff']
  [205] win=53.5% bets=495 ROI=+4.0%  ['sos_diff', 'trank_adjO_diff', 'off_eff_r10_diff']
  [206] win=51.1% bets=507 ROI=-1.0%  ['sos_diff', 'trank_adjO_diff', 'def_eff_r10_diff']
  [207] win=49.6% bets=522 ROI=-4.0%  ['sos_diff', 'trank_adjD_diff', 'off_eff_r10_diff']
  [208] win=47.5% bets=484 ROI=-7.6%  ['sos_diff', 'trank_adjD_diff', 'def_eff_r10_diff']
  [209] win=48.4% bets=510 ROI=-6.0%  ['sos_diff', 'off_eff_r10_diff', 'def_eff_r10_diff']
  [210] win=51.8% bets=353 ROI=+0.5%  ['conf_elo_diff', 'trank_adjO_diff', 'trank_adjD_diff']
  [211] win=53.7% bets=423 ROI=+4.4%  ['conf_elo_diff', 'trank_adjO_diff', 'off_eff_r10_diff']
  [212] win=49.6% bets=427 ROI=-3.8%  ['conf_elo_diff', 'trank_adjO_diff', 'def_eff_r10_diff']
  [213] win=48.5% bets=470 ROI=-6.0%  ['conf_elo_diff', 'trank_adjD_diff', 'off_eff_r10_diff']
  [214] win=46.9% bets=414 ROI=-8.9%  ['conf_elo_diff', 'trank_adjD_diff', 'def_eff_r10_diff']
  [215] win=48.4% bets=436 ROI=-6.3%  ['conf_elo_diff', 'off_eff_r10_diff', 'def_eff_r10_diff']
  [216] win=52.7% bets=474 ROI=+2.2%  ['trank_adjO_diff', 'trank_adjD_diff', 'off_eff_r10_diff']
  [217] win=48.7% bets=450 ROI=-5.5%  ['trank_adjO_diff', 'trank_adjD_diff', 'def_eff_r10_diff']
  [218] win=51.1% bets=466 ROI=-1.1%  ['trank_adjO_diff', 'off_eff_r10_diff', 'def_eff_r10_diff']
  [219] win=49.4% bets=516 ROI=-4.5%  ['trank_adjD_diff', 'off_eff_r10_diff', 'def_eff_r10_diff']
  [220] win=76.8% bets=492 ROI=+48.6%  ['elo_diff', 'elo_pred', 'home', 'massey_avg_diff']
  [221] win=54.2% bets=225 ROI=+4.9%  ['elo_diff', 'elo_pred', 'home', 'margin_mean_diff']
  [222] win=54.7% bets=243 ROI=+5.9%  ['elo_diff', 'elo_pred', 'home', 'barthag_diff']
  [223] win=53.7% bets=246 ROI=+3.9%  ['elo_diff', 'elo_pred', 'home', 'sos_diff']
  [224] win=55.6% bets=243 ROI=+7.5%  ['elo_diff', 'elo_pred', 'home', 'conf_elo_diff']
  [225] win=54.1% bets=242 ROI=+4.8%  ['elo_diff', 'elo_pred', 'home', 'trank_adjO_diff']
  [226] win=55.0% bets=242 ROI=+6.4%  ['elo_diff', 'elo_pred', 'home', 'trank_adjD_diff']
  [227] win=58.6% bets=220 ROI=+13.7%  ['elo_diff', 'elo_pred', 'home', 'off_eff_r10_diff']
  [228] win=56.0% bets=241 ROI=+8.2%  ['elo_diff', 'elo_pred', 'home', 'def_eff_r10_diff']
  [229] win=65.7% bets=720 ROI=+27.4%  ['elo_diff', 'elo_pred', 'massey_avg_diff', 'margin_mean_diff']
  [230] win=66.2% bets=721 ROI=+28.4%  ['elo_diff', 'elo_pred', 'massey_avg_diff', 'barthag_diff']
  [231] win=66.0% bets=721 ROI=+28.1%  ['elo_diff', 'elo_pred', 'massey_avg_diff', 'sos_diff']
  [232] win=66.5% bets=726 ROI=+28.9%  ['elo_diff', 'elo_pred', 'massey_avg_diff', 'conf_elo_diff']
  [233] win=66.5% bets=717 ROI=+29.0%  ['elo_diff', 'elo_pred', 'massey_avg_diff', 'trank_adjO_diff']
  [234] win=66.4% bets=723 ROI=+28.7%  ['elo_diff', 'elo_pred', 'massey_avg_diff', 'trank_adjD_diff']
  [235] win=66.4% bets=715 ROI=+28.8%  ['elo_diff', 'elo_pred', 'massey_avg_diff', 'off_eff_r10_diff']
  [236] win=66.1% bets=723 ROI=+28.2%  ['elo_diff', 'elo_pred', 'massey_avg_diff', 'def_eff_r10_diff']
  [237] win=50.0% bets=460 ROI=-3.2%  ['elo_diff', 'elo_pred', 'margin_mean_diff', 'barthag_diff']
  [238] win=50.3% bets=479 ROI=-2.6%  ['elo_diff', 'elo_pred', 'margin_mean_diff', 'sos_diff']
  [239] win=50.5% bets=471 ROI=-2.1%  ['elo_diff', 'elo_pred', 'margin_mean_diff', 'conf_elo_diff']
  [240] win=50.5% bets=465 ROI=-2.2%  ['elo_diff', 'elo_pred', 'margin_mean_diff', 'trank_adjO_diff']
  [241] win=50.0% bets=464 ROI=-3.1%  ['elo_diff', 'elo_pred', 'margin_mean_diff', 'trank_adjD_diff']
  [242] win=51.6% bets=469 ROI=-0.1%  ['elo_diff', 'elo_pred', 'margin_mean_diff', 'off_eff_r10_diff']
  [243] win=51.7% bets=476 ROI=+0.0%  ['elo_diff', 'elo_pred', 'margin_mean_diff', 'def_eff_r10_diff']
  [244] win=50.2% bets=464 ROI=-2.7%  ['elo_diff', 'elo_pred', 'barthag_diff', 'sos_diff']
  [245] win=50.0% bets=466 ROI=-3.1%  ['elo_diff', 'elo_pred', 'barthag_diff', 'conf_elo_diff']
  [246] win=49.8% bets=466 ROI=-3.5%  ['elo_diff', 'elo_pred', 'barthag_diff', 'trank_adjO_diff']
  [247] win=50.0% bets=468 ROI=-3.1%  ['elo_diff', 'elo_pred', 'barthag_diff', 'trank_adjD_diff']
  [248] win=50.8% bets=482 ROI=-1.5%  ['elo_diff', 'elo_pred', 'barthag_diff', 'off_eff_r10_diff']
  [249] win=49.4% bets=470 ROI=-4.5%  ['elo_diff', 'elo_pred', 'barthag_diff', 'def_eff_r10_diff']
