Total configs: 1651
Building features...
Loading ML odds...
  [750] win=54.7% bets=212 ROI=+6.2%  ['elo_diff', 'elo_pred', 'home', 'off_eff_r10_diff', 'def_eff_r10_diff']
  [751] win=65.5% bets=725 ROI=+27.1%  ['elo_diff', 'elo_pred', 'massey_avg_diff', 'margin_mean_diff', 'barthag_diff']
  [752] win=66.2% bets=718 ROI=+28.3%  ['elo_diff', 'elo_pred', 'massey_avg_diff', 'margin_mean_diff', 'sos_diff']
  [753] win=65.8% bets=729 ROI=+27.6%  ['elo_diff', 'elo_pred', 'massey_avg_diff', 'margin_mean_diff', 'conf_elo_diff']
  [754] win=65.5% bets=725 ROI=+27.0%  ['elo_diff', 'elo_pred', 'massey_avg_diff', 'margin_mean_diff', 'trank_adjO_diff']
  [755] win=65.9% bets=725 ROI=+27.9%  ['elo_diff', 'elo_pred', 'massey_avg_diff', 'margin_mean_diff', 'trank_adjD_diff']
  [756] win=65.7% bets=718 ROI=+27.5%  ['elo_diff', 'elo_pred', 'massey_avg_diff', 'margin_mean_diff', 'off_eff_r10_diff']
  [757] win=66.1% bets=719 ROI=+28.1%  ['elo_diff', 'elo_pred', 'massey_avg_diff', 'margin_mean_diff', 'def_eff_r10_diff']
  [758] win=66.3% bets=721 ROI=+28.6%  ['elo_diff', 'elo_pred', 'massey_avg_diff', 'barthag_diff', 'sos_diff']
  [759] win=66.9% bets=726 ROI=+29.8%  ['elo_diff', 'elo_pred', 'massey_avg_diff', 'barthag_diff', 'conf_elo_diff']
  [760] win=66.8% bets=715 ROI=+29.7%  ['elo_diff', 'elo_pred', 'massey_avg_diff', 'barthag_diff', 'trank_adjO_diff']
  [761] win=66.3% bets=724 ROI=+28.5%  ['elo_diff', 'elo_pred', 'massey_avg_diff', 'barthag_diff', 'trank_adjD_diff']
  [762] win=66.2% bets=716 ROI=+28.4%  ['elo_diff', 'elo_pred', 'massey_avg_diff', 'barthag_diff', 'off_eff_r10_diff']
  [763] win=66.2% bets=719 ROI=+28.4%  ['elo_diff', 'elo_pred', 'massey_avg_diff', 'barthag_diff', 'def_eff_r10_diff']
  [764] win=66.3% bets=728 ROI=+28.6%  ['elo_diff', 'elo_pred', 'massey_avg_diff', 'sos_diff', 'conf_elo_diff']
  [765] win=66.4% bets=718 ROI=+28.8%  ['elo_diff', 'elo_pred', 'massey_avg_diff', 'sos_diff', 'trank_adjO_diff']
  [766] win=66.4% bets=723 ROI=+28.7%  ['elo_diff', 'elo_pred', 'massey_avg_diff', 'sos_diff', 'trank_adjD_diff']
  [767] win=66.7% bets=714 ROI=+29.3%  ['elo_diff', 'elo_pred', 'massey_avg_diff', 'sos_diff', 'off_eff_r10_diff']
  [768] win=66.1% bets=723 ROI=+28.2%  ['elo_diff', 'elo_pred', 'massey_avg_diff', 'sos_diff', 'def_eff_r10_diff']
  [769] win=66.6% bets=728 ROI=+29.1%  ['elo_diff', 'elo_pred', 'massey_avg_diff', 'conf_elo_diff', 'trank_adjO_diff']
  [770] win=66.8% bets=728 ROI=+29.3%  ['elo_diff', 'elo_pred', 'massey_avg_diff', 'conf_elo_diff', 'trank_adjD_diff']
  [771] win=66.4% bets=726 ROI=+28.7%  ['elo_diff', 'elo_pred', 'massey_avg_diff', 'conf_elo_diff', 'off_eff_r10_diff']
  [772] win=66.3% bets=727 ROI=+28.5%  ['elo_diff', 'elo_pred', 'massey_avg_diff', 'conf_elo_diff', 'def_eff_r10_diff']
  [773] win=66.8% bets=724 ROI=+29.7%  ['elo_diff', 'elo_pred', 'massey_avg_diff', 'trank_adjO_diff', 'trank_adjD_diff']
  [774] win=66.3% bets=718 ROI=+28.5%  ['elo_diff', 'elo_pred', 'massey_avg_diff', 'trank_adjO_diff', 'off_eff_r10_diff']
  [775] win=66.6% bets=721 ROI=+29.1%  ['elo_diff', 'elo_pred', 'massey_avg_diff', 'trank_adjO_diff', 'def_eff_r10_diff']
  [776] win=65.9% bets=719 ROI=+27.8%  ['elo_diff', 'elo_pred', 'massey_avg_diff', 'trank_adjD_diff', 'off_eff_r10_diff']
  [777] win=66.4% bets=733 ROI=+28.9%  ['elo_diff', 'elo_pred', 'massey_avg_diff', 'trank_adjD_diff', 'def_eff_r10_diff']
  [778] win=66.1% bets=722 ROI=+28.0%  ['elo_diff', 'elo_pred', 'massey_avg_diff', 'off_eff_r10_diff', 'def_eff_r10_diff']
  [779] win=49.2% bets=455 ROI=-4.7%  ['elo_diff', 'elo_pred', 'margin_mean_diff', 'barthag_diff', 'sos_diff']
  [780] win=51.3% bets=460 ROI=-0.7%  ['elo_diff', 'elo_pred', 'margin_mean_diff', 'barthag_diff', 'conf_elo_diff']
  [781] win=50.3% bets=461 ROI=-2.6%  ['elo_diff', 'elo_pred', 'margin_mean_diff', 'barthag_diff', 'trank_adjO_diff']
  [782] win=50.4% bets=458 ROI=-2.4%  ['elo_diff', 'elo_pred', 'margin_mean_diff', 'barthag_diff', 'trank_adjD_diff']
  [783] win=50.9% bets=458 ROI=-1.6%  ['elo_diff', 'elo_pred', 'margin_mean_diff', 'barthag_diff', 'off_eff_r10_diff']
  [784] win=51.4% bets=461 ROI=-0.6%  ['elo_diff', 'elo_pred', 'margin_mean_diff', 'barthag_diff', 'def_eff_r10_diff']
  [785] win=49.2% bets=469 ROI=-4.5%  ['elo_diff', 'elo_pred', 'margin_mean_diff', 'sos_diff', 'conf_elo_diff']
  [786] win=49.6% bets=466 ROI=-4.2%  ['elo_diff', 'elo_pred', 'margin_mean_diff', 'sos_diff', 'trank_adjO_diff']
  [787] win=49.5% bets=475 ROI=-4.1%  ['elo_diff', 'elo_pred', 'margin_mean_diff', 'sos_diff', 'trank_adjD_diff']
  [788] win=51.2% bets=473 ROI=-1.0%  ['elo_diff', 'elo_pred', 'margin_mean_diff', 'sos_diff', 'off_eff_r10_diff']
  [789] win=51.1% bets=472 ROI=-1.2%  ['elo_diff', 'elo_pred', 'margin_mean_diff', 'sos_diff', 'def_eff_r10_diff']
  [790] win=51.0% bets=463 ROI=-1.3%  ['elo_diff', 'elo_pred', 'margin_mean_diff', 'conf_elo_diff', 'trank_adjO_diff']
  [791] win=50.3% bets=469 ROI=-2.5%  ['elo_diff', 'elo_pred', 'margin_mean_diff', 'conf_elo_diff', 'trank_adjD_diff']
  [792] win=51.9% bets=480 ROI=+0.5%  ['elo_diff', 'elo_pred', 'margin_mean_diff', 'conf_elo_diff', 'off_eff_r10_diff']
  [793] win=52.8% bets=481 ROI=+2.3%  ['elo_diff', 'elo_pred', 'margin_mean_diff', 'conf_elo_diff', 'def_eff_r10_diff']
  [794] win=50.3% bets=457 ROI=-2.6%  ['elo_diff', 'elo_pred', 'margin_mean_diff', 'trank_adjO_diff', 'trank_adjD_diff']
  [795] win=51.5% bets=470 ROI=-0.3%  ['elo_diff', 'elo_pred', 'margin_mean_diff', 'trank_adjO_diff', 'off_eff_r10_diff']
  [796] win=51.6% bets=473 ROI=-0.2%  ['elo_diff', 'elo_pred', 'margin_mean_diff', 'trank_adjO_diff', 'def_eff_r10_diff']
  [797] win=50.5% bets=453 ROI=-2.0%  ['elo_diff', 'elo_pred', 'margin_mean_diff', 'trank_adjD_diff', 'off_eff_r10_diff']
  [798] win=50.7% bets=454 ROI=-1.9%  ['elo_diff', 'elo_pred', 'margin_mean_diff', 'trank_adjD_diff', 'def_eff_r10_diff']
  [799] win=52.0% bets=475 ROI=+0.6%  ['elo_diff', 'elo_pred', 'margin_mean_diff', 'off_eff_r10_diff', 'def_eff_r10_diff']
