Total configs: 1651
Building features...
Loading ML odds...
  [700] win=52.2% bets=362 ROI=+1.3%  ['sos_diff', 'conf_elo_diff', 'trank_adjO_diff', 'trank_adjD_diff']
  [701] win=51.5% bets=435 ROI=-0.1%  ['sos_diff', 'conf_elo_diff', 'trank_adjO_diff', 'off_eff_r10_diff']
  [702] win=50.3% bets=445 ROI=-2.4%  ['sos_diff', 'conf_elo_diff', 'trank_adjO_diff', 'def_eff_r10_diff']
  [703] win=49.5% bets=471 ROI=-4.1%  ['sos_diff', 'conf_elo_diff', 'trank_adjD_diff', 'off_eff_r10_diff']
  [704] win=46.9% bets=424 ROI=-8.9%  ['sos_diff', 'conf_elo_diff', 'trank_adjD_diff', 'def_eff_r10_diff']
  [705] win=47.5% bets=446 ROI=-7.7%  ['sos_diff', 'conf_elo_diff', 'off_eff_r10_diff', 'def_eff_r10_diff']
  [706] win=52.8% bets=489 ROI=+2.3%  ['sos_diff', 'trank_adjO_diff', 'trank_adjD_diff', 'off_eff_r10_diff']
  [707] win=49.9% bets=461 ROI=-3.0%  ['sos_diff', 'trank_adjO_diff', 'trank_adjD_diff', 'def_eff_r10_diff']
  [708] win=50.1% bets=493 ROI=-3.0%  ['sos_diff', 'trank_adjO_diff', 'off_eff_r10_diff', 'def_eff_r10_diff']
  [709] win=48.6% bets=535 ROI=-5.9%  ['sos_diff', 'trank_adjD_diff', 'off_eff_r10_diff', 'def_eff_r10_diff']
  [710] win=50.6% bets=435 ROI=-1.9%  ['conf_elo_diff', 'trank_adjO_diff', 'trank_adjD_diff', 'off_eff_r10_diff']
  [711] win=49.8% bets=410 ROI=-3.4%  ['conf_elo_diff', 'trank_adjO_diff', 'trank_adjD_diff', 'def_eff_r10_diff']
  [712] win=50.1% bets=435 ROI=-3.0%  ['conf_elo_diff', 'trank_adjO_diff', 'off_eff_r10_diff', 'def_eff_r10_diff']
  [713] win=48.8% bets=473 ROI=-5.7%  ['conf_elo_diff', 'trank_adjD_diff', 'off_eff_r10_diff', 'def_eff_r10_diff']
  [714] win=48.5% bets=478 ROI=-6.1%  ['trank_adjO_diff', 'trank_adjD_diff', 'off_eff_r10_diff', 'def_eff_r10_diff']
  [715] win=77.2% bets=495 ROI=+49.3%  ['elo_diff', 'elo_pred', 'home', 'massey_avg_diff', 'margin_mean_diff']
  [716] win=76.9% bets=493 ROI=+48.7%  ['elo_diff', 'elo_pred', 'home', 'massey_avg_diff', 'barthag_diff']
  [717] win=77.0% bets=491 ROI=+48.9%  ['elo_diff', 'elo_pred', 'home', 'massey_avg_diff', 'sos_diff']
  [718] win=77.5% bets=497 ROI=+49.9%  ['elo_diff', 'elo_pred', 'home', 'massey_avg_diff', 'conf_elo_diff']
  [719] win=76.9% bets=493 ROI=+48.7%  ['elo_diff', 'elo_pred', 'home', 'massey_avg_diff', 'trank_adjO_diff']
  [720] win=76.4% bets=488 ROI=+47.9%  ['elo_diff', 'elo_pred', 'home', 'massey_avg_diff', 'trank_adjD_diff']
  [721] win=76.7% bets=493 ROI=+48.3%  ['elo_diff', 'elo_pred', 'home', 'massey_avg_diff', 'off_eff_r10_diff']
  [722] win=77.0% bets=491 ROI=+48.9%  ['elo_diff', 'elo_pred', 'home', 'massey_avg_diff', 'def_eff_r10_diff']
  [723] win=54.0% bets=224 ROI=+4.5%  ['elo_diff', 'elo_pred', 'home', 'margin_mean_diff', 'barthag_diff']
  [724] win=52.3% bets=193 ROI=+1.7%  ['elo_diff', 'elo_pred', 'home', 'margin_mean_diff', 'sos_diff']
  [725] win=54.7% bets=225 ROI=+5.7%  ['elo_diff', 'elo_pred', 'home', 'margin_mean_diff', 'conf_elo_diff']
  [726] win=53.4% bets=219 ROI=+3.5%  ['elo_diff', 'elo_pred', 'home', 'margin_mean_diff', 'trank_adjO_diff']
  [727] win=52.2% bets=228 ROI=+1.1%  ['elo_diff', 'elo_pred', 'home', 'margin_mean_diff', 'trank_adjD_diff']
  [728] win=55.1% bets=216 ROI=+6.8%  ['elo_diff', 'elo_pred', 'home', 'margin_mean_diff', 'off_eff_r10_diff']
  [729] win=53.4% bets=221 ROI=+3.3%  ['elo_diff', 'elo_pred', 'home', 'margin_mean_diff', 'def_eff_r10_diff']
  [730] win=53.1% bets=243 ROI=+2.8%  ['elo_diff', 'elo_pred', 'home', 'barthag_diff', 'sos_diff']
  [731] win=55.0% bets=242 ROI=+6.3%  ['elo_diff', 'elo_pred', 'home', 'barthag_diff', 'conf_elo_diff']
  [732] win=54.9% bets=244 ROI=+6.3%  ['elo_diff', 'elo_pred', 'home', 'barthag_diff', 'trank_adjO_diff']
  [733] win=55.4% bets=242 ROI=+7.2%  ['elo_diff', 'elo_pred', 'home', 'barthag_diff', 'trank_adjD_diff']
  [734] win=57.3% bets=218 ROI=+11.3%  ['elo_diff', 'elo_pred', 'home', 'barthag_diff', 'off_eff_r10_diff']
  [735] win=56.0% bets=241 ROI=+8.2%  ['elo_diff', 'elo_pred', 'home', 'barthag_diff', 'def_eff_r10_diff']
  [736] win=54.6% bets=238 ROI=+5.7%  ['elo_diff', 'elo_pred', 'home', 'sos_diff', 'conf_elo_diff']
  [737] win=53.2% bets=246 ROI=+3.0%  ['elo_diff', 'elo_pred', 'home', 'sos_diff', 'trank_adjO_diff']
  [738] win=53.3% bets=244 ROI=+3.1%  ['elo_diff', 'elo_pred', 'home', 'sos_diff', 'trank_adjD_diff']
  [739] win=61.2% bets=214 ROI=+18.5%  ['elo_diff', 'elo_pred', 'home', 'sos_diff', 'off_eff_r10_diff']
  [740] win=54.6% bets=238 ROI=+5.6%  ['elo_diff', 'elo_pred', 'home', 'sos_diff', 'def_eff_r10_diff']
  [741] win=55.4% bets=240 ROI=+7.1%  ['elo_diff', 'elo_pred', 'home', 'conf_elo_diff', 'trank_adjO_diff']
  [742] win=54.1% bets=246 ROI=+4.6%  ['elo_diff', 'elo_pred', 'home', 'conf_elo_diff', 'trank_adjD_diff']
  [743] win=59.4% bets=224 ROI=+15.1%  ['elo_diff', 'elo_pred', 'home', 'conf_elo_diff', 'off_eff_r10_diff']
  [744] win=56.1% bets=244 ROI=+8.5%  ['elo_diff', 'elo_pred', 'home', 'conf_elo_diff', 'def_eff_r10_diff']
  [745] win=55.0% bets=240 ROI=+6.4%  ['elo_diff', 'elo_pred', 'home', 'trank_adjO_diff', 'trank_adjD_diff']
  [746] win=58.6% bets=222 ROI=+13.6%  ['elo_diff', 'elo_pred', 'home', 'trank_adjO_diff', 'off_eff_r10_diff']
  [747] win=55.0% bets=242 ROI=+6.2%  ['elo_diff', 'elo_pred', 'home', 'trank_adjO_diff', 'def_eff_r10_diff']
  [748] win=58.1% bets=222 ROI=+12.8%  ['elo_diff', 'elo_pred', 'home', 'trank_adjD_diff', 'off_eff_r10_diff']
  [749] win=55.6% bets=241 ROI=+7.3%  ['elo_diff', 'elo_pred', 'home', 'trank_adjD_diff', 'def_eff_r10_diff']
