Total configs: 1651
Building features...
Loading ML odds...
  [350] win=50.1% bets=503 ROI=-2.9%  ['elo_diff', 'barthag_diff', 'sos_diff', 'conf_elo_diff']
  [351] win=50.2% bets=522 ROI=-2.7%  ['elo_diff', 'barthag_diff', 'sos_diff', 'trank_adjO_diff']
  [352] win=50.4% bets=522 ROI=-2.4%  ['elo_diff', 'barthag_diff', 'sos_diff', 'trank_adjD_diff']
  [353] win=52.3% bets=516 ROI=+1.3%  ['elo_diff', 'barthag_diff', 'sos_diff', 'off_eff_r10_diff']
  [354] win=50.2% bets=520 ROI=-2.9%  ['elo_diff', 'barthag_diff', 'sos_diff', 'def_eff_r10_diff']
  [355] win=50.3% bets=511 ROI=-2.5%  ['elo_diff', 'barthag_diff', 'conf_elo_diff', 'trank_adjO_diff']
  [356] win=50.2% bets=508 ROI=-2.7%  ['elo_diff', 'barthag_diff', 'conf_elo_diff', 'trank_adjD_diff']
  [357] win=51.8% bets=519 ROI=+0.4%  ['elo_diff', 'barthag_diff', 'conf_elo_diff', 'off_eff_r10_diff']
  [358] win=50.4% bets=496 ROI=-2.4%  ['elo_diff', 'barthag_diff', 'conf_elo_diff', 'def_eff_r10_diff']
  [359] win=50.7% bets=523 ROI=-1.9%  ['elo_diff', 'barthag_diff', 'trank_adjO_diff', 'trank_adjD_diff']
  [360] win=51.2% bets=525 ROI=-0.8%  ['elo_diff', 'barthag_diff', 'trank_adjO_diff', 'off_eff_r10_diff']
  [361] win=50.5% bets=513 ROI=-2.4%  ['elo_diff', 'barthag_diff', 'trank_adjO_diff', 'def_eff_r10_diff']
  [362] win=50.8% bets=524 ROI=-1.6%  ['elo_diff', 'barthag_diff', 'trank_adjD_diff', 'off_eff_r10_diff']
  [363] win=50.7% bets=513 ROI=-1.9%  ['elo_diff', 'barthag_diff', 'trank_adjD_diff', 'def_eff_r10_diff']
  [364] win=51.2% bets=512 ROI=-0.9%  ['elo_diff', 'barthag_diff', 'off_eff_r10_diff', 'def_eff_r10_diff']
  [365] win=50.3% bets=505 ROI=-2.5%  ['elo_diff', 'sos_diff', 'conf_elo_diff', 'trank_adjO_diff']
  [366] win=49.7% bets=503 ROI=-3.7%  ['elo_diff', 'sos_diff', 'conf_elo_diff', 'trank_adjD_diff']
  [367] win=51.7% bets=516 ROI=+0.3%  ['elo_diff', 'sos_diff', 'conf_elo_diff', 'off_eff_r10_diff']
  [368] win=49.8% bets=508 ROI=-3.6%  ['elo_diff', 'sos_diff', 'conf_elo_diff', 'def_eff_r10_diff']
  [369] win=50.6% bets=520 ROI=-2.0%  ['elo_diff', 'sos_diff', 'trank_adjO_diff', 'trank_adjD_diff']
  [370] win=52.2% bets=523 ROI=+1.1%  ['elo_diff', 'sos_diff', 'trank_adjO_diff', 'off_eff_r10_diff']
  [371] win=50.3% bets=515 ROI=-2.7%  ['elo_diff', 'sos_diff', 'trank_adjO_diff', 'def_eff_r10_diff']
  [372] win=51.7% bets=520 ROI=+0.2%  ['elo_diff', 'sos_diff', 'trank_adjD_diff', 'off_eff_r10_diff']
  [373] win=50.8% bets=520 ROI=-1.7%  ['elo_diff', 'sos_diff', 'trank_adjD_diff', 'def_eff_r10_diff']
  [374] win=51.3% bets=518 ROI=-0.6%  ['elo_diff', 'sos_diff', 'off_eff_r10_diff', 'def_eff_r10_diff']
  [375] win=50.3% bets=507 ROI=-2.5%  ['elo_diff', 'conf_elo_diff', 'trank_adjO_diff', 'trank_adjD_diff']
  [376] win=52.0% bets=519 ROI=+0.8%  ['elo_diff', 'conf_elo_diff', 'trank_adjO_diff', 'off_eff_r10_diff']
  [377] win=50.2% bets=500 ROI=-2.8%  ['elo_diff', 'conf_elo_diff', 'trank_adjO_diff', 'def_eff_r10_diff']
  [378] win=52.0% bets=513 ROI=+0.9%  ['elo_diff', 'conf_elo_diff', 'trank_adjD_diff', 'off_eff_r10_diff']
  [379] win=50.5% bets=501 ROI=-2.2%  ['elo_diff', 'conf_elo_diff', 'trank_adjD_diff', 'def_eff_r10_diff']
  [380] win=52.8% bets=510 ROI=+2.2%  ['elo_diff', 'conf_elo_diff', 'off_eff_r10_diff', 'def_eff_r10_diff']
  [381] win=51.1% bets=524 ROI=-0.9%  ['elo_diff', 'trank_adjO_diff', 'trank_adjD_diff', 'off_eff_r10_diff']
  [382] win=50.7% bets=513 ROI=-1.9%  ['elo_diff', 'trank_adjO_diff', 'trank_adjD_diff', 'def_eff_r10_diff']
  [383] win=51.9% bets=518 ROI=+0.6%  ['elo_diff', 'trank_adjO_diff', 'off_eff_r10_diff', 'def_eff_r10_diff']
  [384] win=51.3% bets=507 ROI=-0.5%  ['elo_diff', 'trank_adjD_diff', 'off_eff_r10_diff', 'def_eff_r10_diff']
  [385] win=77.4% bets=495 ROI=+49.6%  ['elo_pred', 'home', 'massey_avg_diff', 'margin_mean_diff']
  [386] win=76.8% bets=492 ROI=+48.7%  ['elo_pred', 'home', 'massey_avg_diff', 'barthag_diff']
  [387] win=77.0% bets=495 ROI=+48.9%  ['elo_pred', 'home', 'massey_avg_diff', 'sos_diff']
  [388] win=77.7% bets=497 ROI=+50.3%  ['elo_pred', 'home', 'massey_avg_diff', 'conf_elo_diff']
  [389] win=77.0% bets=492 ROI=+49.0%  ['elo_pred', 'home', 'massey_avg_diff', 'trank_adjO_diff']
  [390] win=76.5% bets=489 ROI=+48.0%  ['elo_pred', 'home', 'massey_avg_diff', 'trank_adjD_diff']
  [391] win=76.6% bets=496 ROI=+48.2%  ['elo_pred', 'home', 'massey_avg_diff', 'off_eff_r10_diff']
  [392] win=76.9% bets=494 ROI=+48.8%  ['elo_pred', 'home', 'massey_avg_diff', 'def_eff_r10_diff']
  [393] win=53.6% bets=280 ROI=+3.4%  ['elo_pred', 'home', 'margin_mean_diff', 'barthag_diff']
  [394] win=52.7% bets=239 ROI=+2.0%  ['elo_pred', 'home', 'margin_mean_diff', 'sos_diff']
  [395] win=53.9% bets=280 ROI=+4.1%  ['elo_pred', 'home', 'margin_mean_diff', 'conf_elo_diff']
  [396] win=55.0% bets=278 ROI=+6.2%  ['elo_pred', 'home', 'margin_mean_diff', 'trank_adjO_diff']
  [397] win=53.2% bets=282 ROI=+2.7%  ['elo_pred', 'home', 'margin_mean_diff', 'trank_adjD_diff']
  [398] win=53.9% bets=280 ROI=+4.2%  ['elo_pred', 'home', 'margin_mean_diff', 'off_eff_r10_diff']
  [399] win=53.4% bets=283 ROI=+3.1%  ['elo_pred', 'home', 'margin_mean_diff', 'def_eff_r10_diff']
