Total configs: 1651
Building features...
Loading ML odds...
  [1200] win=50.9% bets=607 ROI=-1.6%  ['elo_pred', 'margin_mean_diff', 'sos_diff', 'conf_elo_diff', 'trank_adjO_diff']
  [1201] win=49.3% bets=584 ROI=-4.5%  ['elo_pred', 'margin_mean_diff', 'sos_diff', 'conf_elo_diff', 'trank_adjD_diff']
  [1202] win=50.8% bets=624 ROI=-1.7%  ['elo_pred', 'margin_mean_diff', 'sos_diff', 'conf_elo_diff', 'off_eff_r10_diff']
  [1203] win=50.4% bets=625 ROI=-2.5%  ['elo_pred', 'margin_mean_diff', 'sos_diff', 'conf_elo_diff', 'def_eff_r10_diff']
  [1204] win=51.1% bets=620 ROI=-1.2%  ['elo_pred', 'margin_mean_diff', 'sos_diff', 'trank_adjO_diff', 'trank_adjD_diff']
  [1205] win=50.2% bets=639 ROI=-2.8%  ['elo_pred', 'margin_mean_diff', 'sos_diff', 'trank_adjO_diff', 'off_eff_r10_diff']
  [1206] win=50.5% bets=642 ROI=-2.4%  ['elo_pred', 'margin_mean_diff', 'sos_diff', 'trank_adjO_diff', 'def_eff_r10_diff']
  [1207] win=50.5% bets=633 ROI=-2.4%  ['elo_pred', 'margin_mean_diff', 'sos_diff', 'trank_adjD_diff', 'off_eff_r10_diff']
  [1208] win=50.5% bets=634 ROI=-2.5%  ['elo_pred', 'margin_mean_diff', 'sos_diff', 'trank_adjD_diff', 'def_eff_r10_diff']
  [1209] win=50.6% bets=652 ROI=-2.2%  ['elo_pred', 'margin_mean_diff', 'sos_diff', 'off_eff_r10_diff', 'def_eff_r10_diff']
  [1210] win=50.1% bets=601 ROI=-3.3%  ['elo_pred', 'margin_mean_diff', 'conf_elo_diff', 'trank_adjO_diff', 'trank_adjD_diff']
  [1211] win=52.0% bets=613 ROI=+0.7%  ['elo_pred', 'margin_mean_diff', 'conf_elo_diff', 'trank_adjO_diff', 'off_eff_r10_diff']
  [1212] win=51.8% bets=623 ROI=+0.3%  ['elo_pred', 'margin_mean_diff', 'conf_elo_diff', 'trank_adjO_diff', 'def_eff_r10_diff']
  [1213] win=49.9% bets=621 ROI=-3.4%  ['elo_pred', 'margin_mean_diff', 'conf_elo_diff', 'trank_adjD_diff', 'off_eff_r10_diff']
  [1214] win=49.5% bets=632 ROI=-4.2%  ['elo_pred', 'margin_mean_diff', 'conf_elo_diff', 'trank_adjD_diff', 'def_eff_r10_diff']
  [1215] win=50.8% bets=636 ROI=-1.8%  ['elo_pred', 'margin_mean_diff', 'conf_elo_diff', 'off_eff_r10_diff', 'def_eff_r10_diff']
  [1216] win=50.4% bets=625 ROI=-2.6%  ['elo_pred', 'margin_mean_diff', 'trank_adjO_diff', 'trank_adjD_diff', 'off_eff_r10_diff']
  [1217] win=50.6% bets=627 ROI=-2.3%  ['elo_pred', 'margin_mean_diff', 'trank_adjO_diff', 'trank_adjD_diff', 'def_eff_r10_diff']
  [1218] win=51.5% bets=650 ROI=-0.4%  ['elo_pred', 'margin_mean_diff', 'trank_adjO_diff', 'off_eff_r10_diff', 'def_eff_r10_diff']
  [1219] win=50.5% bets=638 ROI=-2.5%  ['elo_pred', 'margin_mean_diff', 'trank_adjD_diff', 'off_eff_r10_diff', 'def_eff_r10_diff']
  [1220] win=51.3% bets=651 ROI=-0.8%  ['elo_pred', 'barthag_diff', 'sos_diff', 'conf_elo_diff', 'trank_adjO_diff']
  [1221] win=51.4% bets=654 ROI=-0.6%  ['elo_pred', 'barthag_diff', 'sos_diff', 'conf_elo_diff', 'trank_adjD_diff']
  [1222] win=51.6% bets=608 ROI=-0.1%  ['elo_pred', 'barthag_diff', 'sos_diff', 'conf_elo_diff', 'off_eff_r10_diff']
  [1223] win=50.2% bets=635 ROI=-2.8%  ['elo_pred', 'barthag_diff', 'sos_diff', 'conf_elo_diff', 'def_eff_r10_diff']
  [1224] win=51.1% bets=677 ROI=-1.2%  ['elo_pred', 'barthag_diff', 'sos_diff', 'trank_adjO_diff', 'trank_adjD_diff']
  [1225] win=50.9% bets=652 ROI=-1.5%  ['elo_pred', 'barthag_diff', 'sos_diff', 'trank_adjO_diff', 'off_eff_r10_diff']
  [1226] win=50.2% bets=669 ROI=-2.9%  ['elo_pred', 'barthag_diff', 'sos_diff', 'trank_adjO_diff', 'def_eff_r10_diff']
  [1227] win=50.4% bets=643 ROI=-2.5%  ['elo_pred', 'barthag_diff', 'sos_diff', 'trank_adjD_diff', 'off_eff_r10_diff']
  [1228] win=50.7% bets=674 ROI=-1.9%  ['elo_pred', 'barthag_diff', 'sos_diff', 'trank_adjD_diff', 'def_eff_r10_diff']
  [1229] win=50.9% bets=631 ROI=-1.7%  ['elo_pred', 'barthag_diff', 'sos_diff', 'off_eff_r10_diff', 'def_eff_r10_diff']
  [1230] win=51.6% bets=647 ROI=-0.2%  ['elo_pred', 'barthag_diff', 'conf_elo_diff', 'trank_adjO_diff', 'trank_adjD_diff']
  [1231] win=51.3% bets=624 ROI=-0.8%  ['elo_pred', 'barthag_diff', 'conf_elo_diff', 'trank_adjO_diff', 'off_eff_r10_diff']
  [1232] win=50.9% bets=635 ROI=-1.6%  ['elo_pred', 'barthag_diff', 'conf_elo_diff', 'trank_adjO_diff', 'def_eff_r10_diff']
  [1233] win=50.6% bets=622 ROI=-2.0%  ['elo_pred', 'barthag_diff', 'conf_elo_diff', 'trank_adjD_diff', 'off_eff_r10_diff']
  [1234] win=50.9% bets=635 ROI=-1.6%  ['elo_pred', 'barthag_diff', 'conf_elo_diff', 'trank_adjD_diff', 'def_eff_r10_diff']
  [1235] win=51.2% bets=611 ROI=-1.0%  ['elo_pred', 'barthag_diff', 'conf_elo_diff', 'off_eff_r10_diff', 'def_eff_r10_diff']
  [1236] win=50.9% bets=654 ROI=-1.6%  ['elo_pred', 'barthag_diff', 'trank_adjO_diff', 'trank_adjD_diff', 'off_eff_r10_diff']
  [1237] win=50.8% bets=662 ROI=-1.8%  ['elo_pred', 'barthag_diff', 'trank_adjO_diff', 'trank_adjD_diff', 'def_eff_r10_diff']
  [1238] win=50.8% bets=626 ROI=-1.9%  ['elo_pred', 'barthag_diff', 'trank_adjO_diff', 'off_eff_r10_diff', 'def_eff_r10_diff']
  [1239] win=50.5% bets=631 ROI=-2.3%  ['elo_pred', 'barthag_diff', 'trank_adjD_diff', 'off_eff_r10_diff', 'def_eff_r10_diff']
  [1240] win=51.5% bets=651 ROI=-0.5%  ['elo_pred', 'sos_diff', 'conf_elo_diff', 'trank_adjO_diff', 'trank_adjD_diff']
  [1241] win=52.1% bets=624 ROI=+0.8%  ['elo_pred', 'sos_diff', 'conf_elo_diff', 'trank_adjO_diff', 'off_eff_r10_diff']
  [1242] win=50.8% bets=632 ROI=-1.8%  ['elo_pred', 'sos_diff', 'conf_elo_diff', 'trank_adjO_diff', 'def_eff_r10_diff']
  [1243] win=50.5% bets=612 ROI=-2.3%  ['elo_pred', 'sos_diff', 'conf_elo_diff', 'trank_adjD_diff', 'off_eff_r10_diff']
  [1244] win=50.5% bets=643 ROI=-2.3%  ['elo_pred', 'sos_diff', 'conf_elo_diff', 'trank_adjD_diff', 'def_eff_r10_diff']
  [1245] win=50.8% bets=614 ROI=-1.7%  ['elo_pred', 'sos_diff', 'conf_elo_diff', 'off_eff_r10_diff', 'def_eff_r10_diff']
  [1246] win=50.5% bets=642 ROI=-2.4%  ['elo_pred', 'sos_diff', 'trank_adjO_diff', 'trank_adjD_diff', 'off_eff_r10_diff']
  [1247] win=50.7% bets=671 ROI=-2.0%  ['elo_pred', 'sos_diff', 'trank_adjO_diff', 'trank_adjD_diff', 'def_eff_r10_diff']
  [1248] win=51.3% bets=641 ROI=-0.7%  ['elo_pred', 'sos_diff', 'trank_adjO_diff', 'off_eff_r10_diff', 'def_eff_r10_diff']
  [1249] win=51.4% bets=636 ROI=-0.6%  ['elo_pred', 'sos_diff', 'trank_adjD_diff', 'off_eff_r10_diff', 'def_eff_r10_diff']
