Total configs: 1651
Building features...
Loading ML odds...
  [1450] win=65.2% bets=738 ROI=+26.3%  ['massey_avg_diff', 'trank_adjO_diff', 'trank_adjD_diff', 'off_eff_r10_diff', 'def_eff_r10_diff']
  [1451] win=50.6% bets=472 ROI=-2.0%  ['margin_mean_diff', 'barthag_diff', 'sos_diff', 'conf_elo_diff', 'trank_adjO_diff']
  [1452] win=50.5% bets=473 ROI=-2.2%  ['margin_mean_diff', 'barthag_diff', 'sos_diff', 'conf_elo_diff', 'trank_adjD_diff']
  [1453] win=49.4% bets=472 ROI=-4.5%  ['margin_mean_diff', 'barthag_diff', 'sos_diff', 'conf_elo_diff', 'off_eff_r10_diff']
  [1454] win=50.1% bets=467 ROI=-3.1%  ['margin_mean_diff', 'barthag_diff', 'sos_diff', 'conf_elo_diff', 'def_eff_r10_diff']
  [1455] win=49.7% bets=515 ROI=-3.9%  ['margin_mean_diff', 'barthag_diff', 'sos_diff', 'trank_adjO_diff', 'trank_adjD_diff']
  [1456] win=49.8% bets=506 ROI=-3.7%  ['margin_mean_diff', 'barthag_diff', 'sos_diff', 'trank_adjO_diff', 'off_eff_r10_diff']
  [1457] win=49.8% bets=506 ROI=-3.7%  ['margin_mean_diff', 'barthag_diff', 'sos_diff', 'trank_adjO_diff', 'def_eff_r10_diff']
  [1458] win=50.2% bets=502 ROI=-3.0%  ['margin_mean_diff', 'barthag_diff', 'sos_diff', 'trank_adjD_diff', 'off_eff_r10_diff']
  [1459] win=49.7% bets=499 ROI=-4.0%  ['margin_mean_diff', 'barthag_diff', 'sos_diff', 'trank_adjD_diff', 'def_eff_r10_diff']
  [1460] win=50.6% bets=512 ROI=-2.1%  ['margin_mean_diff', 'barthag_diff', 'sos_diff', 'off_eff_r10_diff', 'def_eff_r10_diff']
  [1461] win=49.3% bets=452 ROI=-4.5%  ['margin_mean_diff', 'barthag_diff', 'conf_elo_diff', 'trank_adjO_diff', 'trank_adjD_diff']
  [1462] win=48.9% bets=466 ROI=-5.2%  ['margin_mean_diff', 'barthag_diff', 'conf_elo_diff', 'trank_adjO_diff', 'off_eff_r10_diff']
  [1463] win=49.8% bets=456 ROI=-3.6%  ['margin_mean_diff', 'barthag_diff', 'conf_elo_diff', 'trank_adjO_diff', 'def_eff_r10_diff']
  [1464] win=48.1% bets=466 ROI=-7.0%  ['margin_mean_diff', 'barthag_diff', 'conf_elo_diff', 'trank_adjD_diff', 'off_eff_r10_diff']
  [1465] win=49.1% bets=460 ROI=-4.9%  ['margin_mean_diff', 'barthag_diff', 'conf_elo_diff', 'trank_adjD_diff', 'def_eff_r10_diff']
  [1466] win=49.0% bets=461 ROI=-5.2%  ['margin_mean_diff', 'barthag_diff', 'conf_elo_diff', 'off_eff_r10_diff', 'def_eff_r10_diff']
  [1467] win=49.1% bets=489 ROI=-4.9%  ['margin_mean_diff', 'barthag_diff', 'trank_adjO_diff', 'trank_adjD_diff', 'off_eff_r10_diff']
  [1468] win=48.9% bets=487 ROI=-5.4%  ['margin_mean_diff', 'barthag_diff', 'trank_adjO_diff', 'trank_adjD_diff', 'def_eff_r10_diff']
  [1469] win=49.1% bets=489 ROI=-5.1%  ['margin_mean_diff', 'barthag_diff', 'trank_adjO_diff', 'off_eff_r10_diff', 'def_eff_r10_diff']
  [1470] win=48.3% bets=491 ROI=-6.7%  ['margin_mean_diff', 'barthag_diff', 'trank_adjD_diff', 'off_eff_r10_diff', 'def_eff_r10_diff']
  [1471] win=50.7% bets=477 ROI=-1.7%  ['margin_mean_diff', 'sos_diff', 'conf_elo_diff', 'trank_adjO_diff', 'trank_adjD_diff']
  [1472] win=49.7% bets=465 ROI=-3.8%  ['margin_mean_diff', 'sos_diff', 'conf_elo_diff', 'trank_adjO_diff', 'off_eff_r10_diff']
  [1473] win=50.3% bets=461 ROI=-2.6%  ['margin_mean_diff', 'sos_diff', 'conf_elo_diff', 'trank_adjO_diff', 'def_eff_r10_diff']
  [1474] win=48.4% bets=486 ROI=-6.3%  ['margin_mean_diff', 'sos_diff', 'conf_elo_diff', 'trank_adjD_diff', 'off_eff_r10_diff']
  [1475] win=48.0% bets=479 ROI=-6.8%  ['margin_mean_diff', 'sos_diff', 'conf_elo_diff', 'trank_adjD_diff', 'def_eff_r10_diff']
  [1476] win=49.7% bets=469 ROI=-3.6%  ['margin_mean_diff', 'sos_diff', 'conf_elo_diff', 'off_eff_r10_diff', 'def_eff_r10_diff']
  [1477] win=49.8% bets=508 ROI=-3.6%  ['margin_mean_diff', 'sos_diff', 'trank_adjO_diff', 'trank_adjD_diff', 'off_eff_r10_diff']
  [1478] win=49.7% bets=509 ROI=-3.9%  ['margin_mean_diff', 'sos_diff', 'trank_adjO_diff', 'trank_adjD_diff', 'def_eff_r10_diff']
  [1479] win=50.0% bets=500 ROI=-3.0%  ['margin_mean_diff', 'sos_diff', 'trank_adjO_diff', 'off_eff_r10_diff', 'def_eff_r10_diff']
  [1480] win=48.6% bets=541 ROI=-5.8%  ['margin_mean_diff', 'sos_diff', 'trank_adjD_diff', 'off_eff_r10_diff', 'def_eff_r10_diff']
  [1481] win=48.5% bets=458 ROI=-6.2%  ['margin_mean_diff', 'conf_elo_diff', 'trank_adjO_diff', 'trank_adjD_diff', 'off_eff_r10_diff']
  [1482] win=48.7% bets=452 ROI=-5.8%  ['margin_mean_diff', 'conf_elo_diff', 'trank_adjO_diff', 'trank_adjD_diff', 'def_eff_r10_diff']
  [1483] win=50.1% bets=453 ROI=-3.0%  ['margin_mean_diff', 'conf_elo_diff', 'trank_adjO_diff', 'off_eff_r10_diff', 'def_eff_r10_diff']
  [1484] win=48.2% bets=479 ROI=-6.8%  ['margin_mean_diff', 'conf_elo_diff', 'trank_adjD_diff', 'off_eff_r10_diff', 'def_eff_r10_diff']
  [1485] win=47.7% bets=486 ROI=-7.6%  ['margin_mean_diff', 'trank_adjO_diff', 'trank_adjD_diff', 'off_eff_r10_diff', 'def_eff_r10_diff']
  [1486] win=52.5% bets=360 ROI=+1.8%  ['barthag_diff', 'sos_diff', 'conf_elo_diff', 'trank_adjO_diff', 'trank_adjD_diff']
  [1487] win=51.1% bets=450 ROI=-1.1%  ['barthag_diff', 'sos_diff', 'conf_elo_diff', 'trank_adjO_diff', 'off_eff_r10_diff']
  [1488] win=50.9% bets=446 ROI=-1.1%  ['barthag_diff', 'sos_diff', 'conf_elo_diff', 'trank_adjO_diff', 'def_eff_r10_diff']
  [1489] win=51.0% bets=447 ROI=-1.2%  ['barthag_diff', 'sos_diff', 'conf_elo_diff', 'trank_adjD_diff', 'off_eff_r10_diff']
  [1490] win=49.9% bets=453 ROI=-3.2%  ['barthag_diff', 'sos_diff', 'conf_elo_diff', 'trank_adjD_diff', 'def_eff_r10_diff']
  [1491] win=50.1% bets=455 ROI=-2.9%  ['barthag_diff', 'sos_diff', 'conf_elo_diff', 'off_eff_r10_diff', 'def_eff_r10_diff']
  [1492] win=52.6% bets=494 ROI=+2.0%  ['barthag_diff', 'sos_diff', 'trank_adjO_diff', 'trank_adjD_diff', 'off_eff_r10_diff']
  [1493] win=50.2% bets=474 ROI=-2.6%  ['barthag_diff', 'sos_diff', 'trank_adjO_diff', 'trank_adjD_diff', 'def_eff_r10_diff']
  [1494] win=50.6% bets=500 ROI=-2.0%  ['barthag_diff', 'sos_diff', 'trank_adjO_diff', 'off_eff_r10_diff', 'def_eff_r10_diff']
  [1495] win=49.6% bets=506 ROI=-4.0%  ['barthag_diff', 'sos_diff', 'trank_adjD_diff', 'off_eff_r10_diff', 'def_eff_r10_diff']
  [1496] win=50.2% bets=438 ROI=-2.5%  ['barthag_diff', 'conf_elo_diff', 'trank_adjO_diff', 'trank_adjD_diff', 'off_eff_r10_diff']
  [1497] win=50.1% bets=417 ROI=-2.7%  ['barthag_diff', 'conf_elo_diff', 'trank_adjO_diff', 'trank_adjD_diff', 'def_eff_r10_diff']
  [1498] win=49.4% bets=460 ROI=-4.6%  ['barthag_diff', 'conf_elo_diff', 'trank_adjO_diff', 'off_eff_r10_diff', 'def_eff_r10_diff']
  [1499] win=48.2% bets=463 ROI=-6.9%  ['barthag_diff', 'conf_elo_diff', 'trank_adjD_diff', 'off_eff_r10_diff', 'def_eff_r10_diff']
